Component: ARM Compiler 6.16 Tool: armlink [5dfeaa00]

==============================================================================

Section Cross References

    main.o(.ARM.exidx.text.GPIO_Config) refers to main.o(.text.GPIO_Config) for [Anonymous Symbol]
    main.o(.text.main) refers to system_stm32f10x.o(.text.SystemInit) for SystemInit
    main.o(.text.main) refers to main.o(.text.GPIO_Config) for GPIO_Config
    main.o(.text.main) refers to delay_f103.o(.text.TIM2_Config) for TIM2_Config
    main.o(.text.main) refers to mlx90621.o(.text.MLX90621_I2CInit) for MLX90621_I2CInit
    main.o(.text.main) refers to delay_f103.o(.text.Delay_ms) for Delay_ms
    main.o(.text.main) refers to main.o(.bss.eeData) for eeData
    main.o(.text.main) refers to mlx90621.o(.text.MLX90621_DumpEE) for MLX90621_DumpEE
    main.o(.text.main) refers to main.o(.bss.status) for status
    main.o(.text.main) refers to mlx90621.o(.text.MLX90621_Configure) for MLX90621_Configure
    main.o(.text.main) refers to mlx90621.o(.text.MLX90621_SetRefreshRate) for MLX90621_SetRefreshRate
    main.o(.text.main) refers to main.o(.bss.sensor) for sensor
    main.o(.text.main) refers to mlx90621.o(.text.MLX90621_ExtractParameters) for MLX90621_ExtractParameters
    main.o(.text.main) refers to main.o(.bss.frame) for frame
    main.o(.text.main) refers to main.o(.bss.Ta) for Ta
    main.o(.text.main) refers to main.o(.bss.To) for To
    main.o(.text.main) refers to mlx90621.o(.text.MLX90621_GetFrameData) for MLX90621_GetFrameData
    main.o(.text.main) refers to mlx90621.o(.text.MLX90621_GetTa) for MLX90621_GetTa
    main.o(.text.main) refers to mlx90621.o(.text.MLX90621_CalculateTo) for MLX90621_CalculateTo
    main.o(.ARM.exidx.text.main) refers to main.o(.text.main) for [Anonymous Symbol]
    delay_f103.o(.ARM.exidx.text.TIM2_Config) refers to delay_f103.o(.text.TIM2_Config) for [Anonymous Symbol]
    delay_f103.o(.ARM.exidx.text.Delay_us) refers to delay_f103.o(.text.Delay_us) for [Anonymous Symbol]
    delay_f103.o(.text.Delay_ms) refers to delay_f103.o(.text.Delay_us) for Delay_us
    delay_f103.o(.ARM.exidx.text.Delay_ms) refers to delay_f103.o(.text.Delay_ms) for [Anonymous Symbol]
    i2c_f103.o(.ARM.exidx.text.I2C_Config) refers to i2c_f103.o(.text.I2C_Config) for [Anonymous Symbol]
    i2c_f103.o(.ARM.exidx.text.I2C_Start) refers to i2c_f103.o(.text.I2C_Start) for [Anonymous Symbol]
    i2c_f103.o(.ARM.exidx.text.I2C_Address) refers to i2c_f103.o(.text.I2C_Address) for [Anonymous Symbol]
    i2c_f103.o(.ARM.exidx.text.I2C_Write) refers to i2c_f103.o(.text.I2C_Write) for [Anonymous Symbol]
    i2c_f103.o(.ARM.exidx.text.I2C_WriteBuf) refers to i2c_f103.o(.text.I2C_WriteBuf) for [Anonymous Symbol]
    i2c_f103.o(.ARM.exidx.text.I2C_Read) refers to i2c_f103.o(.text.I2C_Read) for [Anonymous Symbol]
    i2c_f103.o(.ARM.exidx.text.I2C_Stop) refers to i2c_f103.o(.text.I2C_Stop) for [Anonymous Symbol]
    mlx90621.o(.text.MLX90621_DumpEE) refers to mlx90621.o(.text.MLX90621_I2CReadEEPROM) for MLX90621_I2CReadEEPROM
    mlx90621.o(.ARM.exidx.text.MLX90621_DumpEE) refers to mlx90621.o(.text.MLX90621_DumpEE) for [Anonymous Symbol]
    mlx90621.o(.text.MLX90621_I2CReadEEPROM) refers to rt_memclr_w.o(.text) for __aeabi_memclr4
    mlx90621.o(.text.MLX90621_I2CReadEEPROM) refers to i2c_f103.o(.text.I2C_Stop) for I2C_Stop
    mlx90621.o(.text.MLX90621_I2CReadEEPROM) refers to delay_f103.o(.text.Delay_us) for Delay_us
    mlx90621.o(.text.MLX90621_I2CReadEEPROM) refers to i2c_f103.o(.text.I2C_Start) for I2C_Start
    mlx90621.o(.text.MLX90621_I2CReadEEPROM) refers to i2c_f103.o(.text.I2C_Address) for I2C_Address
    mlx90621.o(.text.MLX90621_I2CReadEEPROM) refers to i2c_f103.o(.text.I2C_Write) for I2C_Write
    mlx90621.o(.text.MLX90621_I2CReadEEPROM) refers to i2c_f103.o(.text.I2C_Read) for I2C_Read
    mlx90621.o(.text.MLX90621_I2CReadEEPROM) refers to rt_memcpy_v6.o(.text) for __aeabi_memcpy
    mlx90621.o(.ARM.exidx.text.MLX90621_I2CReadEEPROM) refers to mlx90621.o(.text.MLX90621_I2CReadEEPROM) for [Anonymous Symbol]
    mlx90621.o(.text.MLX90621_GetFrameData) refers to mlx90621.o(.text.MLX90621_I2CRead) for MLX90621_I2CRead
    mlx90621.o(.ARM.exidx.text.MLX90621_GetFrameData) refers to mlx90621.o(.text.MLX90621_GetFrameData) for [Anonymous Symbol]
    mlx90621.o(.text.MLX90621_I2CRead) refers to rt_memclr_w.o(.text) for __aeabi_memclr4
    mlx90621.o(.text.MLX90621_I2CRead) refers to i2c_f103.o(.text.I2C_Stop) for I2C_Stop
    mlx90621.o(.text.MLX90621_I2CRead) refers to delay_f103.o(.text.Delay_us) for Delay_us
    mlx90621.o(.text.MLX90621_I2CRead) refers to i2c_f103.o(.text.I2C_Start) for I2C_Start
    mlx90621.o(.text.MLX90621_I2CRead) refers to i2c_f103.o(.text.I2C_Address) for I2C_Address
    mlx90621.o(.text.MLX90621_I2CRead) refers to i2c_f103.o(.text.I2C_WriteBuf) for I2C_WriteBuf
    mlx90621.o(.text.MLX90621_I2CRead) refers to i2c_f103.o(.text.I2C_Read) for I2C_Read
[...]
    __rtentry2.o(.ARM.Collect$$rtentry$$0000000D) refers to main.o(.text.main) for main
    __rtentry2.o(.ARM.Collect$$rtentry$$0000000D) refers to exit.o(.text) for exit
    __rtentry2.o(.ARM.exidx) refers to __rtentry2.o(.ARM.Collect$$rtentry$$00000001) for .ARM.Collect$$rtentry$$00000001
    __rtentry2.o(.ARM.exidx) refers to __rtentry2.o(.ARM.Collect$$rtentry$$00000008) for .ARM.Collect$$rtentry$$00000008
    __rtentry2.o(.ARM.exidx) refers to __rtentry2.o(.ARM.Collect$$rtentry$$0000000A) for .ARM.Collect$$rtentry$$0000000A
    __rtentry2.o(.ARM.exidx) refers to __rtentry2.o(.ARM.Collect$$rtentry$$0000000B) for .ARM.Collect$$rtentry$$0000000B
    __rtentry2.o(.ARM.exidx) refers to __rtentry2.o(.ARM.Collect$$rtentry$$0000000D) for .ARM.Collect$$rtentry$$0000000D
    __rtentry4.o(.ARM.Collect$$rtentry$$00000004) refers to sys_stackheap_outer.o(.text) for __user_setup_stackheap
    __rtentry4.o(.ARM.exidx) refers to __rtentry4.o(.ARM.Collect$$rtentry$$00000004) for .ARM.Collect$$rtentry$$00000004
    rt_errno_addr.o(.text) refers to rt_errno_addr.o(.bss) for __aeabi_errno_addr_data
    rt_errno_addr_intlibspace.o(.text) refers to libspace.o(.bss) for __libspace_start
    dcheck1.o(x$fpl$dcheck1) refers (Special) to usenofp.o(x$fpl$usenofp) for __I$use$fp
    dcheck1.o(x$fpl$dcheck1) refers to retnan.o(x$fpl$retnan) for __fpl_return_NaN
    dcmpi.o(x$fpl$dcmpinf) refers (Special) to usenofp.o(x$fpl$usenofp) for __I$use$fp
    dflt_clz.o(x$fpl$dfltu) refers (Special) to usenofp.o(x$fpl$usenofp) for __I$use$fp
    dflt_clz.o(x$fpl$dflt) refers (Special) to usenofp.o(x$fpl$usenofp) for __I$use$fp
    dflt_clz.o(x$fpl$dfltn) refers (Special) to usenofp.o(x$fpl$usenofp) for __I$use$fp
    poly.o(i.__kernel_poly) refers (Special) to usenofp.o(x$fpl$usenofp) for __I$use$fp
    poly.o(i.__kernel_poly) refers to dmul.o(x$fpl$dmul) for __aeabi_dmul
    poly.o(i.__kernel_poly) refers to daddsub_clz.o(x$fpl$dadd) for __aeabi_dadd
    libspace.o(.text) refers to libspace.o(.bss) for __libspace_start
    sys_stackheap_outer.o(.text) refers to libspace.o(.text) for __user_perproc_libspace
    sys_stackheap_outer.o(.text) refers to startup_stm32f10x_md.o(.text) for __user_initial_stackheap
    exit.o(.text) refers to rtexit.o(.ARM.Collect$$rtexit$$00000000) for __rt_exit
    libinit.o(.ARM.Collect$$libinit$$00000000) refers (Special) to libinit2.o(.ARM.Collect$$libinit$$0000002E) for __rt_lib_init_alloca_1
    libinit.o(.ARM.Collect$$libinit$$00000000) refers (Special) to libinit2.o(.ARM.Collect$$libinit$$0000002C) for __rt_lib_init_argv_1
    libinit.o(.ARM.Collect$$libinit$$00000000) refers (Special) to libinit2.o(.ARM.Collect$$libinit$$0000001B) for __rt_lib_init_atexit_1
    libinit.o(.ARM.Collect$$libinit$$00000000) refers (Special) to libinit2.o(.ARM.Collect$$libinit$$00000021) for __rt_lib_init_clock_1
    libinit.o(.ARM.Collect$$libinit$$00000000) refers (Special) to libinit2.o(.ARM.Collect$$libinit$$00000032) for __rt_lib_init_cpp_1
    libinit.o(.ARM.Collect$$libinit$$00000000) refers (Special) to libinit2.o(.ARM.Collect$$libinit$$00000030) for __rt_lib_init_exceptions_1
    libinit.o(.ARM.Collect$$libinit$$00000000) refers (Special) to libinit2.o(.ARM.Collect$$libinit$$00000002) for __rt_lib_init_fp_1
    libinit.o(.ARM.Collect$$libinit$$00000000) refers (Special) to libinit2.o(.ARM.Collect$$libinit$$0000001F) for __rt_lib_init_fp_trap_1
    libinit.o(.ARM.Collect$$libinit$$00000000) refers (Special) to libinit2.o(.ARM.Collect$$libinit$$00000023) for __rt_lib_init_getenv_1
    libinit.o(.ARM.Collect$$libinit$$00000000) refers (Special) to libinit2.o(.ARM.Collect$$libinit$$0000000A) for __rt_lib_init_heap_1
    libinit.o(.ARM.Collect$$libinit$$00000000) refers (Special) to libinit2.o(.ARM.Collect$$libinit$$00000011) for __rt_lib_init_lc_collate_1
    libinit.o(.ARM.Collect$$libinit$$00000000) refers (Special) to libinit2.o(.ARM.Collect$$libinit$$00000013) for __rt_lib_init_lc_ctype_1
    libinit.o(.ARM.Collect$$libinit$$00000000) refers (Special) to libinit2.o(.ARM.Collect$$libinit$$00000015) for __rt_lib_init_lc_monetary_1
    libinit.o(.ARM.Collect$$libinit$$00000000) refers (Special) to libinit2.o(.ARM.Collect$$libinit$$00000017) for __rt_lib_init_lc_numeric_1
    libinit.o(.ARM.Collect$$libinit$$00000000) refers (Special) to libinit2.o(.ARM.Collect$$libinit$$00000019) for __rt_lib_init_lc_time_1
    libinit.o(.ARM.Collect$$libinit$$00000000) refers (Special) to libinit2.o(.ARM.Collect$$libinit$$00000004) for __rt_lib_init_preinit_1
    libinit.o(.ARM.Collect$$libinit$$00000000) refers (Special) to libinit2.o(.ARM.Collect$$libinit$$0000000E) for __rt_lib_init_rand_1
    libinit.o(.ARM.Collect$$libinit$$00000000) refers (Special) to libinit2.o(.ARM.Collect$$libinit$$00000033) for __rt_lib_init_return
    libinit.o(.ARM.Collect$$libinit$$00000000) refers (Special) to libinit2.o(.ARM.Collect$$libinit$$0000001D) for __rt_lib_init_signal_1
    libinit.o(.ARM.Collect$$libinit$$00000000) refers (Special) to libinit2.o(.ARM.Collect$$libinit$$00000025) for __rt_lib_init_stdio_1
    libinit.o(.ARM.Collect$$libinit$$00000000) refers (Special) to libinit2.o(.ARM.Collect$$libinit$$0000000C) for __rt_lib_init_user_alloc_1
    retnan.o(x$fpl$retnan) refers (Special) to usenofp.o(x$fpl$usenofp) for __I$use$fp
    retnan.o(x$fpl$retnan) refers to trapv.o(x$fpl$trapveneer) for __fpl_cmpreturn
    rtexit.o(.ARM.Collect$$rtexit$$00000000) refers (Special) to rtexit2.o(.ARM.Collect$$rtexit$$00000004) for __rt_exit_exit
    rtexit.o(.ARM.Collect$$rtexit$$00000000) refers (Special) to rtexit2.o(.ARM.Collect$$rtexit$$00000003) for __rt_exit_ls
    rtexit.o(.ARM.Collect$$rtexit$$00000000) refers (Special) to rtexit2.o(.ARM.Collect$$rtexit$$00000002) for __rt_exit_prels_1
    rtexit.o(.ARM.exidx) refers (Special) to rtexit2.o(.ARM.Collect$$rtexit$$00000004) for __rt_exit_exit
    rtexit.o(.ARM.exidx) refers (Special) to rtexit2.o(.ARM.Collect$$rtexit$$00000003) for __rt_exit_ls
    rtexit.o(.ARM.exidx) refers (Special) to rtexit2.o(.ARM.Collect$$rtexit$$00000002) for __rt_exit_prels_1
    rtexit.o(.ARM.exidx) refers to rtexit.o(.ARM.Collect$$rtexit$$00000000) for .ARM.Collect$$rtexit$$00000000
    libinit2.o(.ARM.Collect$$libinit$$00000010) refers to libinit2.o(.ARM.Collect$$libinit$$0000000F) for .ARM.Collect$$libinit$$0000000F
    libinit2.o(.ARM.Collect$$libinit$$00000012) refers to libinit2.o(.ARM.Collect$$libinit$$0000000F) for .ARM.Collect$$libinit$$0000000F
    libinit2.o(.ARM.Collect$$libinit$$00000014) refers to libinit2.o(.ARM.Collect$$libinit$$0000000F) for .ARM.Collect$$libinit$$0000000F
    libinit2.o(.ARM.Collect$$libinit$$00000016) refers to libinit2.o(.ARM.Collect$$libinit$$0000000F) for .ARM.Collect$$libinit$$0000000F
    libinit2.o(.ARM.Collect$$libinit$$00000018) refers to libinit2.o(.ARM.Collect$$libinit$$0000000F) for .ARM.Collect$$libinit$$0000000F
    libinit2.o(.ARM.Collect$$libinit$$00000026) refers to argv_veneer.o(.emb_text) for __ARM_argv_veneer
    libinit2.o(.ARM.Collect$$libinit$$00000027) refers to argv_veneer.o(.emb_text) for __ARM_argv_veneer
    trapv.o(x$fpl$trapveneer) refers (Special) to usenofp.o(x$fpl$usenofp) for __I$use$fp
    rtexit2.o(.ARM.Collect$$rtexit$$00000003) refers to libshutdown.o(.ARM.Collect$$libshutdown$$00000000) for __rt_lib_shutdown
    rtexit2.o(.ARM.Collect$$rtexit$$00000004) refers to sys_exit.o(.text) for _sys_exit
    rtexit2.o(.ARM.exidx) refers to rtexit2.o(.ARM.Collect$$rtexit$$00000001) for .ARM.Collect$$rtexit$$00000001
    rtexit2.o(.ARM.exidx) refers to rtexit2.o(.ARM.Collect$$rtexit$$00000003) for .ARM.Collect$$rtexit$$00000003
    rtexit2.o(.ARM.exidx) refers to rtexit2.o(.ARM.Collect$$rtexit$$00000004) for .ARM.Collect$$rtexit$$00000004
    argv_veneer.o(.emb_text) refers to no_argv.o(.text) for __ARM_get_argv
    sys_exit.o(.text) refers (Special) to use_no_semi.o(.text) for __I$use$semihosting
    sys_exit.o(.text) refers (Special) to indicate_semi.o(.text) for __semihosting_library_function
    sys_exit_hlt.o(.text) refers (Special) to use_no_semi.o(.text) for __I$use$semihosting
    sys_exit_hlt.o(.text) refers (Special) to indicate_semi.o(.text) for __semihosting_library_function
    _get_argv_nomalloc.o(.text) refers (Special) to hrguard.o(.text) for __heap_region$guard
    _get_argv_nomalloc.o(.text) refers to defsig_rtmem_outer.o(.text) for __rt_SIGRTMEM
    _get_argv_nomalloc.o(.text) refers to sys_command.o(.text) for _sys_command_string
    libshutdown.o(.ARM.Collect$$libshutdown$$00000000) refers (Special) to libshutdown2.o(.ARM.Collect$$libshutdown$$00000002) for __rt_lib_shutdown_cpp_1
    libshutdown.o(.ARM.Collect$$libshutdown$$00000000) refers (Special) to libshutdown2.o(.ARM.Collect$$libshutdown$$00000007) for __rt_lib_shutdown_fp_trap_1
    libshutdown.o(.ARM.Collect$$libshutdown$$00000000) refers (Special) to libshutdown2.o(.ARM.Collect$$libshutdown$$0000000F) for __rt_lib_shutdown_heap_1
    libshutdown.o(.ARM.Collect$$libshutdown$$00000000) refers (Special) to libshutdown2.o(.ARM.Collect$$libshutdown$$00000010) for __rt_lib_shutdown_return
    libshutdown.o(.ARM.Collect$$libshutdown$$00000000) refers (Special) to libshutdown2.o(.ARM.Collect$$libshutdown$$0000000A) for __rt_lib_shutdown_signal_1
    libshutdown.o(.ARM.Collect$$libshutdown$$00000000) refers (Special) to libshutdown2.o(.ARM.Collect$$libshutdown$$00000004) for __rt_lib_shutdown_stdio_1
    libshutdown.o(.ARM.Collect$$libshutdown$$00000000) refers (Special) to libshutdown2.o(.ARM.Collect$$libshutdown$$0000000C) for __rt_lib_shutdown_user_alloc_1
    sys_command.o(.text) refers (Special) to use_no_semi.o(.text) for __I$use$semihosting
    sys_command.o(.text) refers (Special) to indicate_semi.o(.text) for __semihosting_library_function
    sys_command_hlt.o(.text) refers (Special) to use_no_semi.o(.text) for __I$use$semihosting
    sys_command_hlt.o(.text) refers (Special) to indicate_semi.o(.text) for __semihosting_library_function
    defsig_rtmem_outer.o(.text) refers to defsig_rtmem_inner.o(.text) for __rt_SIGRTMEM_inner
    defsig_rtmem_outer.o(.text) refers to defsig_exit.o(.text) for __sig_exit
    defsig_rtmem_formal.o(.text) refers to rt_raise.o(.text) for __rt_raise
    rt_raise.o(.text) refers to __raise.o(.text) for __raise
    rt_raise.o(.text) refers to sys_exit.o(.text) for _sys_exit
    defsig_exit.o(.text) refers to sys_exit.o(.text) for _sys_exit
    defsig_rtmem_inner.o(.text) refers to defsig_general.o(.text) for __default_signal_display
    __raise.o(.text) refers to defsig.o(CL$$defsig) for __default_signal_handler
    defsig_general.o(.text) refers to sys_wrch.o(.text) for _ttywrch
    sys_wrch.o(.text) refers (Special) to use_no_semi.o(.text) for __I$use$semihosting
    sys_wrch.o(.text) refers (Special) to indicate_semi.o(.text) for __semihosting_library_function
    sys_wrch_hlt.o(.text) refers (Special) to use_no_semi.o(.text) for __I$use$semihosting
    sys_wrch_hlt.o(.text) refers (Special) to indicate_semi.o(.text) for __semihosting_library_function
    defsig.o(CL$$defsig) refers to defsig_rtmem_inner.o(.text) for __rt_SIGRTMEM_inner
    defsig_abrt_inner.o(.text) refers to defsig_general.o(.text) for __default_signal_display
    defsig_fpe_inner.o(.text) refers to defsig_general.o(.text) for __default_signal_display
    defsig_rtred_inner.o(.text) refers to defsig_general.o(.text) for __default_signal_display
    defsig_stak_inner.o(.text) refers to defsig_general.o(.text) for __default_signal_display
    defsig_pvfn_inner.o(.text) refers to defsig_general.o(.text) for __default_signal_display
    defsig_cppl_inner.o(.text) refers to defsig_general.o(.text) for __default_signal_display
    defsig_segv_inner.o(.text) refers to defsig_general.o(.text) for __default_signal_display
    defsig_other.o(.text) refers to defsig_general.o(.text) for __default_signal_display


==============================================================================

Removing Unused input sections from the image.

    Removing main.o(.text), (0 bytes).
    Removing main.o(.ARM.exidx.text.GPIO_Config), (8 bytes).
    Removing main.o(.ARM.exidx.text.main), (8 bytes).
    Removing main.o(.data.Tr), (4 bytes).
    Removing main.o(.ARM.use_no_argv), (4 bytes).
    Removing delay_f103.o(.text), (0 bytes).
    Removing delay_f103.o(.ARM.exidx.text.TIM2_Config), (8 bytes).
    Removing delay_f103.o(.ARM.exidx.text.Delay_us), (8 bytes).
    Removing delay_f103.o(.ARM.exidx.text.Delay_ms), (8 bytes).
    Removing i2c_f103.o(.text), (0 bytes).
    Removing i2c_f103.o(.ARM.exidx.text.I2C_Config), (8 bytes).
    Removing i2c_f103.o(.ARM.exidx.text.I2C_Start), (8 bytes).
    Removing i2c_f103.o(.ARM.exidx.text.I2C_Address), (8 bytes).
    Removing i2c_f103.o(.ARM.exidx.text.I2C_Write), (8 bytes).
    Removing i2c_f103.o(.ARM.exidx.text.I2C_WriteBuf), (8 bytes).
    Removing i2c_f103.o(.ARM.exidx.text.I2C_Read), (8 bytes).
    Removing i2c_f103.o(.ARM.exidx.text.I2C_Stop), (8 bytes).
    Removing mlx90621.o(.text), (0 bytes).
    Removing mlx90621.o(.ARM.exidx.text.MLX90621_DumpEE), (8 bytes).
    Removing mlx90621.o(.ARM.exidx.text.MLX90621_I2CReadEEPROM), (8 bytes).
    Removing mlx90621.o(.ARM.exidx.text.MLX90621_GetFrameData), (8 bytes).
    Removing mlx90621.o(.ARM.exidx.text.MLX90621_I2CRead), (8 bytes).
    Removing mlx90621.o(.ARM.exidx.text.MLX90621_Configure), (8 bytes).
    Removing mlx90621.o(.ARM.exidx.text.MLX90621_I2CWrite), (8 bytes).
    Removing mlx90621.o(.text.MLX90621_GetOscillatorTrim), (32 bytes).
    Removing mlx90621.o(.ARM.exidx.text.MLX90621_GetOscillatorTrim), (8 bytes).
    Removing mlx90621.o(.ARM.exidx.text.MLX90621_GetConfiguration), (8 bytes).
    Removing mlx90621.o(.ARM.exidx.text.MLX90621_ExtractParameters), (8 bytes).
    Removing mlx90621.o(.ARM.exidx.text.ExtractPTATParameters), (8 bytes).
    Removing mlx90621.o(.ARM.exidx.text.ExtractTgcParameters), (8 bytes).
    Removing mlx90621.o(.ARM.exidx.text.ExtractKsTaParameters), (8 bytes).
    Removing mlx90621.o(.ARM.exidx.text.ExtractKsToParameters), (8 bytes).
    Removing mlx90621.o(.ARM.exidx.text.ExtractAlphaParameters), (8 bytes).
    Removing mlx90621.o(.ARM.exidx.text.ExtractOffsetParameters), (8 bytes).
    Removing mlx90621.o(.text.MLX90621_SetResolution), (44 bytes).
    Removing mlx90621.o(.ARM.exidx.text.MLX90621_SetResolution), (8 bytes).
    Removing mlx90621.o(.ARM.exidx.text.MLX90621_GetCurResolution), (8 bytes).
    Removing mlx90621.o(.ARM.exidx.text.MLX90621_SetRefreshRate), (8 bytes).
    Removing mlx90621.o(.text.MLX90621_GetRefreshRate), (24 bytes).
    Removing mlx90621.o(.ARM.exidx.text.MLX90621_GetRefreshRate), (8 bytes).
    Removing mlx90621.o(.ARM.exidx.text.MLX90621_CalculateTo), (8 bytes).
    Removing mlx90621.o(.ARM.exidx.text.MLX90621_GetTa), (8 bytes).
    Removing mlx90621.o(.text.MLX90621_GetImage), (268 bytes).
    Removing mlx90621.o(.ARM.exidx.text.MLX90621_GetImage), (8 bytes).
    Removing mlx90621.o(.ARM.exidx.text.MLX90621_I2CInit), (8 bytes).
    Removing system_stm32f10x.o(.text), (0 bytes).
    Removing system_stm32f10x.o(.ARM.exidx.text.SystemInit), (8 bytes).
    Removing system_stm32f10x.o(.ARM.exidx.text.SetSysClock), (8 bytes).
    Removing system_stm32f10x.o(.text.SystemCoreClockUpdate), (110 bytes).
    Removing system_stm32f10x.o(.ARM.exidx.text.SystemCoreClockUpdate), (8 bytes).
    Removing system_stm32f10x.o(.ARM.exidx.text.SetSysClockTo72), (8 bytes).
    Removing system_stm32f10x.o(.data.SystemCoreClock), (4 bytes).
    Removing system_stm32f10x.o(.rodata.AHBPrescTable), (16 bytes).

53 unused section(s) (total 818 bytes) removed from the image.

==============================================================================

Image Symbol Table

    Local Symbols

    Symbol Name                              Value     Ov Type        Size  Object(Section)

    ../clib/angel/boardlib.s                 0x00000000   Number         0  boardinit1.o ABSOLUTE
    ../clib/angel/boardlib.s                 0x00000000   Number         0  boardinit2.o ABSOLUTE
    ../clib/angel/boardlib.s                 0x00000000   Number         0  boardinit3.o ABSOLUTE
    ../clib/angel/boardlib.s                 0x00000000   Number         0  boardshut.o ABSOLUTE
    ../clib/angel/handlers.s                 0x00000000   Number         0  __scatter_zi.o ABSOLUTE
    ../clib/angel/kernel.s                   0x00000000   Number         0  __rtentry.o ABSOLUTE
    ../clib/angel/kernel.s                   0x00000000   Number         0  __rtentry2.o ABSOLUTE
    ../clib/angel/kernel.s                   0x00000000   Number         0  __rtentry4.o ABSOLUTE
    ../clib/angel/kernel.s                   0x00000000   Number         0  rtexit.o ABSOLUTE
    ../clib/angel/kernel.s                   0x00000000   Number         0  rtexit2.o ABSOLUTE
    ../clib/angel/rt.s                       0x00000000   Number         0  rt_errno_addr.o ABSOLUTE
    ../clib/angel/rt.s                       0x00000000   Number         0  rt_errno_addr_intlibspace.o ABSOLUTE
    ../clib/angel/rt.s                       0x00000000   Number         0  rt_raise.o ABSOLUTE
    ../clib/angel/scatter.s                  0x00000000   Number         0  __scatter.o ABSOLUTE
    ../clib/angel/startup.s                  0x00000000   Number         0  __main.o ABSOLUTE
    ../clib/angel/sys.s                      0x00000000   Number         0  libspace.o ABSOLUTE
    ../clib/angel/sys.s                      0x00000000   Number         0  sys_stackheap_outer.o ABSOLUTE
    ../clib/angel/sys.s                      0x00000000   Number         0  use_no_semi.o ABSOLUTE
    ../clib/angel/sys.s                      0x00000000   Number         0  indicate_semi.o ABSOLUTE
    ../clib/angel/sysapp.c                   0x00000000   Number         0  sys_exit.o ABSOLUTE
    ../clib/angel/sysapp.c                   0x00000000   Number         0  sys_exit_hlt.o ABSOLUTE
    ../clib/angel/sysapp.c                   0x00000000   Number         0  sys_command.o ABSOLUTE
    ../clib/angel/sysapp.c                   0x00000000   Number         0  sys_command_hlt.o ABSOLUTE
    ../clib/angel/sysapp.c                   0x00000000   Number         0  sys_wrch.o ABSOLUTE
    ../clib/angel/sysapp.c                   0x00000000   Number         0  sys_wrch_hlt.o ABSOLUTE
    ../clib/armsys.c                         0x00000000   Number         0  argv_veneer.o ABSOLUTE
    ../clib/armsys.c                         0x00000000   Number         0  argv_veneer.o ABSOLUTE
    ../clib/armsys.c                         0x00000000   Number         0  _get_argv_nomalloc.o ABSOLUTE
    ../clib/armsys.c                         0x00000000   Number         0  no_argv.o ABSOLUTE
    ../clib/fenv.c                           0x00000000   Number         0  _rserrno.o ABSOLUTE
    ../clib/heapalloc.c                      0x00000000   Number         0  hrguard.o ABSOLUTE
    ../clib/heapaux.c                        0x00000000   Number         0  heapauxi.o ABSOLUTE
    ../clib/libinit.s                        0x00000000   Number         0  libinit.o ABSOLUTE
    ../clib/libinit.s                        0x00000000   Number         0  libinit2.o ABSOLUTE
    ../clib/libinit.s                        0x00000000   Number         0  libshutdown.o ABSOLUTE
    ../clib/libinit.s                        0x00000000   Number         0  libshutdown2.o ABSOLUTE
    ../clib/memcpset.s                       0x00000000   Number         0  rt_memcpy_v6.o ABSOLUTE
    ../clib/memcpset.s                       0x00000000   Number         0  rt_memclr_w.o ABSOLUTE
    ../clib/memcpset.s                       0x00000000   Number         0  rt_memcpy_w.o ABSOLUTE
    ../clib/signal.c                         0x00000000   Number         0  defsig_rtmem_outer.o ABSOLUTE
    ../clib/signal.c                         0x00000000   Number         0  defsig_rtmem_formal.o ABSOLUTE
    ../clib/signal.c                         0x00000000   Number         0  defsig_exit.o ABSOLUTE
    ../clib/signal.c                         0x00000000   Number         0  defsig_rtmem_inner.o ABSOLUTE
    ../clib/signal.c                         0x00000000   Number         0  __raise.o ABSOLUTE
    ../clib/signal.c                         0x00000000   Number         0  defsig_general.o ABSOLUTE
    ../clib/signal.c                         0x00000000   Number         0  defsig_abrt_inner.o ABSOLUTE
    ../clib/signal.c                         0x00000000   Number         0  defsig_fpe_inner.o ABSOLUTE
    ../clib/signal.c                         0x00000000   Number         0  defsig_rtred_inner.o ABSOLUTE
    ../clib/signal.c                         0x00000000   Number         0  defsig_stak_inner.o ABSOLUTE
    ../clib/signal.c                         0x00000000   Number         0  defsig_pvfn_inner.o ABSOLUTE
    ../clib/signal.c                         0x00000000   Number         0  defsig_cppl_inner.o ABSOLUTE
    ../clib/signal.c                         0x00000000   Number         0  defsig_segv_inner.o ABSOLUTE
    ../clib/signal.c                         0x00000000   Number         0  defsig_other.o ABSOLUTE
    ../clib/signal.s                         0x00000000   Number         0  defsig.o ABSOLUTE
    ../clib/stdlib.c                         0x00000000   Number         0  exit.o ABSOLUTE
    ../fplib/d2f.s                           0x00000000   Number         0  d2f.o ABSOLUTE
    ../fplib/daddsub.s                       0x00000000   Number         0  daddsub_clz.o ABSOLUTE
    ../fplib/dcheck1.s                       0x00000000   Number         0  dcheck1.o ABSOLUTE
    ../fplib/dcmpi.s                         0x00000000   Number         0  dcmpi.o ABSOLUTE
    ../fplib/ddiv.s                          0x00000000   Number         0  ddiv.o ABSOLUTE
    ../fplib/deqf.s                          0x00000000   Number         0  deqf.o ABSOLUTE
    ../fplib/dfix.s                          0x00000000   Number         0  dfix.o ABSOLUTE
    ../fplib/dflt.s                          0x00000000   Number         0  dflt_clz.o ABSOLUTE
    ../fplib/dleqf.s                         0x00000000   Number         0  dleqf.o ABSOLUTE
    ../fplib/dmul.s                          0x00000000   Number         0  dmul.o ABSOLUTE
    ../fplib/dnaninf.s                       0x00000000   Number         0  dnaninf.o ABSOLUTE
    ../fplib/dretinf.s                       0x00000000   Number         0  dretinf.o ABSOLUTE
    ../fplib/drleqf.s                        0x00000000   Number         0  drleqf.o ABSOLUTE
    ../fplib/dsqrt.s                         0x00000000   Number         0  dsqrt_noumaal.o ABSOLUTE
    ../fplib/f2d.s                           0x00000000   Number         0  f2d.o ABSOLUTE
    ../fplib/faddsub.s                       0x00000000   Number         0  faddsub_clz.o ABSOLUTE
    ../fplib/fdiv.s                          0x00000000   Number         0  fdiv.o ABSOLUTE
    ../fplib/fflt.s                          0x00000000   Number         0  fflt_clz.o ABSOLUTE
    ../fplib/fmul.s                          0x00000000   Number         0  fmul.o ABSOLUTE
    ../fplib/fnaninf.s                       0x00000000   Number         0  fnaninf.o ABSOLUTE
    ../fplib/fpinit.s                        0x00000000   Number         0  fpinit.o ABSOLUTE
    ../fplib/fpinit_empty.s                  0x00000000   Number         0  fpinit_empty.o ABSOLUTE
    ../fplib/fretinf.s                       0x00000000   Number         0  fretinf.o ABSOLUTE
    ../fplib/retnan.s                        0x00000000   Number         0  retnan.o ABSOLUTE
    ../fplib/scalbn.s                        0x00000000   Number         0  scalbn.o ABSOLUTE
    ../fplib/trapv.s                         0x00000000   Number         0  trapv.o ABSOLUTE
    ../fplib/usenofp.s                       0x00000000   Number         0  usenofp.o ABSOLUTE
    ../mathlib/dunder.c                      0x00000000   Number         0  dunder.o ABSOLUTE
    ../mathlib/exp.c                         0x00000000   Number         0  exp.o ABSOLUTE
    ../mathlib/exp2.c                        0x00000000   Number         0  exp2.o ABSOLUTE
    ../mathlib/fpclassify.c                  0x00000000   Number         0  fpclassify.o ABSOLUTE
    ../mathlib/ldexp.c                       0x00000000   Number         0  ldexp.o ABSOLUTE
    ../mathlib/modf.c                        0x00000000   Number         0  modf.o ABSOLUTE
    ../mathlib/poly.c                        0x00000000   Number         0  poly.o ABSOLUTE
    ../mathlib/sqrt.c                        0x00000000   Number         0  sqrt.o ABSOLUTE
    Delay_F103.c                             0x00000000   Number         0  delay_f103.o ABSOLUTE
    I2C_F103.c                               0x00000000   Number         0  i2c_f103.o ABSOLUTE
    MLX90621.c                               0x00000000   Number         0  mlx90621.o ABSOLUTE
    RTE/Device/STM32F103C8/startup_stm32f10x_md.s 0x00000000   Number         0  startup_stm32f10x_md.o ABSOLUTE
    dc.s                                     0x00000000   Number         0  dc.o ABSOLUTE
    main.c                                   0x00000000   Number         0  main.o ABSOLUTE
    system_stm32f10x.c                       0x00000000   Number         0  system_stm32f10x.o ABSOLUTE
    RESET                                    0x08000000   Section      236  startup_stm32f10x_md.o(RESET)
    !!!main                                  0x080000ec   Section        8  __main.o(!!!main)
    !!!scatter                               0x080000f4   Section       52  __scatter.o(!!!scatter)
    !!handler_zi                             0x08000128   Section       28  __scatter_zi.o(!!handler_zi)
    .ARM.Collect$$libinit$$00000000          0x08000144   Section        2  libinit.o(.ARM.Collect$$libinit$$00000000)
    .ARM.Collect$$libinit$$00000002          0x08000146   Section        0  libinit2.o(.ARM.Collect$$libinit$$00000002)
    .ARM.Collect$$libinit$$00000004          0x08000146   Section        0  libinit2.o(.ARM.Collect$$libinit$$00000004)
    .ARM.Collect$$libinit$$0000000A          0x08000146   Section        0  libinit2.o(.ARM.Collect$$libinit$$0000000A)
    .ARM.Collect$$libinit$$0000000C          0x08000146   Section        0  libinit2.o(.ARM.Collect$$libinit$$0000000C)
    .ARM.Collect$$libinit$$0000000E          0x08000146   Section        0  libinit2.o(.ARM.Collect$$libinit$$0000000E)
    .ARM.Collect$$libinit$$00000011          0x08000146   Section        0  libinit2.o(.ARM.Collect$$libinit$$00000011)
    .ARM.Collect$$libinit$$00000013          0x08000146   Section        0  libinit2.o(.ARM.Collect$$libinit$$00000013)
    .ARM.Collect$$libinit$$00000015          0x08000146   Section        0  libinit2.o(.ARM.Collect$$libinit$$00000015)
    .ARM.Collect$$libinit$$00000017          0x08000146   Section        0  libinit2.o(.ARM.Collect$$libinit$$00000017)
    .ARM.Collect$$libinit$$00000019          0x08000146   Section        0  libinit2.o(.ARM.Collect$$libinit$$00000019)
    .ARM.Collect$$libinit$$0000001B          0x08000146   Section        0  libinit2.o(.ARM.Collect$$libinit$$0000001B)
    .ARM.Collect$$libinit$$0000001D          0x08000146   Section        0  libinit2.o(.ARM.Collect$$libinit$$0000001D)
    .ARM.Collect$$libinit$$0000001F          0x08000146   Section        0  libinit2.o(.ARM.Collect$$libinit$$0000001F)
    .ARM.Collect$$libinit$$00000021          0x08000146   Section        0  libinit2.o(.ARM.Collect$$libinit$$00000021)
    .ARM.Collect$$libinit$$00000023          0x08000146   Section        0  libinit2.o(.ARM.Collect$$libinit$$00000023)
    .ARM.Collect$$libinit$$00000025          0x08000146   Section        0  libinit2.o(.ARM.Collect$$libinit$$00000025)
    .ARM.Collect$$libinit$$0000002C          0x08000146   Section        0  libinit2.o(.ARM.Collect$$libinit$$0000002C)
    .ARM.Collect$$libinit$$0000002E          0x08000146   Section        0  libinit2.o(.ARM.Collect$$libinit$$0000002E)
    .ARM.Collect$$libinit$$00000030          0x08000146   Section        0  libinit2.o(.ARM.Collect$$libinit$$00000030)
    .ARM.Collect$$libinit$$00000032          0x08000146   Section        0  libinit2.o(.ARM.Collect$$libinit$$00000032)
    .ARM.Collect$$libinit$$00000033          0x08000146   Section        2  libinit2.o(.ARM.Collect$$libinit$$00000033)
    .ARM.Collect$$libshutdown$$00000000      0x08000148   Section        2  libshutdown.o(.ARM.Collect$$libshutdown$$00000000)
    .ARM.Collect$$libshutdown$$00000002      0x0800014a   Section        0  libshutdown2.o(.ARM.Collect$$libshutdown$$00000002)
    .ARM.Collect$$libshutdown$$00000004      0x0800014a   Section        0  libshutdown2.o(.ARM.Collect$$libshutdown$$00000004)
    .ARM.Collect$$libshutdown$$00000007      0x0800014a   Section        0  libshutdown2.o(.ARM.Collect$$libshutdown$$00000007)
    .ARM.Collect$$libshutdown$$0000000A      0x0800014a   Section        0  libshutdown2.o(.ARM.Collect$$libshutdown$$0000000A)
    .ARM.Collect$$libshutdown$$0000000C      0x0800014a   Section        0  libshutdown2.o(.ARM.Collect$$libshutdown$$0000000C)
    .ARM.Collect$$libshutdown$$0000000F      0x0800014a   Section        0  libshutdown2.o(.ARM.Collect$$libshutdown$$0000000F)
    .ARM.Collect$$libshutdown$$00000010      0x0800014a   Section        2  libshutdown2.o(.ARM.Collect$$libshutdown$$00000010)
    .ARM.Collect$$rtentry$$00000000          0x0800014c   Section        0  __rtentry.o(.ARM.Collect$$rtentry$$00000000)
    .ARM.Collect$$rtentry$$00000002          0x0800014c   Section        0  __rtentry2.o(.ARM.Collect$$rtentry$$00000002)
    .ARM.Collect$$rtentry$$00000004          0x0800014c   Section        6  __rtentry4.o(.ARM.Collect$$rtentry$$00000004)
    .ARM.Collect$$rtentry$$00000009          0x08000152   Section        0  __rtentry2.o(.ARM.Collect$$rtentry$$00000009)
    .ARM.Collect$$rtentry$$0000000A          0x08000152   Section        4  __rtentry2.o(.ARM.Collect$$rtentry$$0000000A)
    .ARM.Collect$$rtentry$$0000000C          0x08000156   Section        0  __rtentry2.o(.ARM.Collect$$rtentry$$0000000C)
    .ARM.Collect$$rtentry$$0000000D          0x08000156   Section        8  __rtentry2.o(.ARM.Collect$$rtentry$$0000000D)
    .ARM.Collect$$rtexit$$00000000           0x0800015e   Section        2  rtexit.o(.ARM.Collect$$rtexit$$00000000)
    .ARM.Collect$$rtexit$$00000002           0x08000160   Section        0  rtexit2.o(.ARM.Collect$$rtexit$$00000002)
    .ARM.Collect$$rtexit$$00000003           0x08000160   Section        4  rtexit2.o(.ARM.Collect$$rtexit$$00000003)
    .ARM.Collect$$rtexit$$00000004           0x08000164   Section        6  rtexit2.o(.ARM.Collect$$rtexit$$00000004)
    .text                                    0x0800016c   Section       64  startup_stm32f10x_md.o(.text)
    .text                                    0x080001ac   Section      138  rt_memcpy_v6.o(.text)
    .text                                    0x08000236   Section       78  rt_memclr_w.o(.text)
    .text                                    0x08000284   Section        0  heapauxi.o(.text)
    .text                                    0x0800028a   Section        0  _rserrno.o(.text)
    .text                                    0x080002a0   Section      100  rt_memcpy_w.o(.text)
    .text                                    0x08000304   Section        8  rt_errno_addr_intlibspace.o(.text)
    .text                                    0x0800030c   Section        8  libspace.o(.text)
    .text                                    0x08000314   Section       74  sys_stackheap_outer.o(.text)
    .text                                    0x0800035e   Section        0  exit.o(.text)
    .text                                    0x08000370   Section        0  sys_exit.o(.text)
    .text                                    0x0800037c   Section        2  use_no_semi.o(.text)
    .text                                    0x0800037e   Section        0  indicate_semi.o(.text)
    [Anonymous Symbol]                       0x08000380   Section        0  delay_f103.o(.text.Delay_ms)
    [Anonymous Symbol]                       0x0800039c   Section        0  delay_f103.o(.text.Delay_us)
    [Anonymous Symbol]                       0x080003b0   Section        0  mlx90621.o(.text.ExtractAlphaParameters)
    [Anonymous Symbol]                       0x0800047c   Section        0  mlx90621.o(.text.ExtractKsTaParameters)
    [Anonymous Symbol]                       0x080004ac   Section        0  mlx90621.o(.text.ExtractKsToParameters)
    [Anonymous Symbol]                       0x080004f4   Section        0  mlx90621.o(.text.ExtractOffsetParameters)
    [Anonymous Symbol]                       0x08000618   Section        0  mlx90621.o(.text.ExtractPTATParameters)
    [Anonymous Symbol]                       0x080006c4   Section        0  mlx90621.o(.text.ExtractTgcParameters)
    [Anonymous Symbol]                       0x080006dc   Section        0  main.o(.text.GPIO_Config)
    [Anonymous Symbol]                       0x080006fc   Section        0  i2c_f103.o(.text.I2C_Address)
    [Anonymous Symbol]                       0x08000714   Section        0  i2c_f103.o(.text.I2C_Config)
    [Anonymous Symbol]                       0x080007f4   Section        0  i2c_f103.o(.text.I2C_Read)
    [Anonymous Symbol]                       0x0800089c   Section        0  i2c_f103.o(.text.I2C_Start)
    [Anonymous Symbol]                       0x080008c4   Section        0  i2c_f103.o(.text.I2C_Stop)
    [Anonymous Symbol]                       0x080008dc   Section        0  i2c_f103.o(.text.I2C_Write)
    [Anonymous Symbol]                       0x080008f8   Section        0  i2c_f103.o(.text.I2C_WriteBuf)
    [Anonymous Symbol]                       0x08000924   Section        0  mlx90621.o(.text.MLX90621_CalculateTo)
    [Anonymous Symbol]                       0x08000b8c   Section        0  mlx90621.o(.text.MLX90621_Configure)
    [Anonymous Symbol]                       0x08000bb8   Section        0  mlx90621.o(.text.MLX90621_DumpEE)
    [Anonymous Symbol]                       0x08000bcc   Section        0  mlx90621.o(.text.MLX90621_ExtractParameters)
    [Anonymous Symbol]                       0x08000c04   Section        0  mlx90621.o(.text.MLX90621_GetConfiguration)
    [Anonymous Symbol]                       0x08000c24   Section        0  mlx90621.o(.text.MLX90621_GetCurResolution)
    [Anonymous Symbol]                       0x08000c3c   Section        0  mlx90621.o(.text.MLX90621_GetFrameData)
    [Anonymous Symbol]                       0x08000c5c   Section        0  mlx90621.o(.text.MLX90621_GetTa)
    [Anonymous Symbol]                       0x08000cf8   Section        0  mlx90621.o(.text.MLX90621_I2CInit)
    [Anonymous Symbol]                       0x08000d04   Section        0  mlx90621.o(.text.MLX90621_I2CRead)
    [Anonymous Symbol]                       0x08000d88   Section        0  mlx90621.o(.text.MLX90621_I2CReadEEPROM)
    [Anonymous Symbol]                       0x08000dec   Section        0  mlx90621.o(.text.MLX90621_I2CWrite)
    [Anonymous Symbol]                       0x08000e6c   Section        0  mlx90621.o(.text.MLX90621_SetRefreshRate)
    SetSysClock                              0x08000e91   Thumb Code     8  system_stm32f10x.o(.text.SetSysClock)
    [Anonymous Symbol]                       0x08000e90   Section        0  system_stm32f10x.o(.text.SetSysClock)
    SetSysClockTo72                          0x08000e99   Thumb Code   190  system_stm32f10x.o(.text.SetSysClockTo72)
    [Anonymous Symbol]                       0x08000e98   Section        0  system_stm32f10x.o(.text.SetSysClockTo72)
    [Anonymous Symbol]                       0x08000f58   Section        0  system_stm32f10x.o(.text.SystemInit)
    [Anonymous Symbol]                       0x08000fb0   Section        0  delay_f103.o(.text.TIM2_Config)
    [Anonymous Symbol]                       0x08000fe4   Section        0  main.o(.text.main)
    i.__ARM_fpclassify                       0x080010b4   Section        0  fpclassify.o(i.__ARM_fpclassify)
    i.__kernel_poly                          0x080010dc   Section        0  poly.o(i.__kernel_poly)
    i.__mathlib_dbl_infnan                   0x08001186   Section        0  dunder.o(i.__mathlib_dbl_infnan)
    i.__mathlib_dbl_overflow                 0x0800118c   Section        0  dunder.o(i.__mathlib_dbl_overflow)
    i.__mathlib_dbl_underflow                0x0800119c   Section        0  dunder.o(i.__mathlib_dbl_underflow)
    i.exp                                    0x080011ac   Section        0  exp.o(i.exp)
    i.exp2                                   0x08001430   Section        0  exp2.o(i.exp2)
    i.ldexp                                  0x08001550   Section        0  ldexp.o(i.ldexp)
    i.modf                                   0x080015c4   Section        0  modf.o(i.modf)
    i.sqrt                                   0x08001658   Section        0  sqrt.o(i.sqrt)
    x$fpl$d2f                                0x080016a4   Section       98  d2f.o(x$fpl$d2f)
    x$fpl$dadd                               0x08001708   Section      336  daddsub_clz.o(x$fpl$dadd)
    _dadd1                                   0x08001719   Thumb Code     0  daddsub_clz.o(x$fpl$dadd)
    x$fpl$dcheck1                            0x08001858   Section       16  dcheck1.o(x$fpl$dcheck1)
    x$fpl$dcmpinf                            0x08001868   Section       24  dcmpi.o(x$fpl$dcmpinf)
    x$fpl$ddiv                               0x08001880   Section      692  ddiv.o(x$fpl$ddiv)
    ddiv_entry                               0x08001887   Thumb Code     0  ddiv.o(x$fpl$ddiv)
    x$fpl$deqf                               0x08001b34   Section      120  deqf.o(x$fpl$deqf)
    x$fpl$dfix                               0x08001bac   Section       94  dfix.o(x$fpl$dfix)
    x$fpl$dflt                               0x08001c0a   Section       46  dflt_clz.o(x$fpl$dflt)
    x$fpl$dleqf                              0x08001c38   Section      120  dleqf.o(x$fpl$dleqf)
    x$fpl$dmul                               0x08001cb0   Section      340  dmul.o(x$fpl$dmul)
    x$fpl$dnaninf                            0x08001e04   Section      156  dnaninf.o(x$fpl$dnaninf)
    x$fpl$dretinf                            0x08001ea0   Section       12  dretinf.o(x$fpl$dretinf)
    x$fpl$drleqf                             0x08001eac   Section      108  drleqf.o(x$fpl$drleqf)
    x$fpl$drsb                               0x08001f18   Section       22  daddsub_clz.o(x$fpl$drsb)
    x$fpl$dsqrt                              0x08001f30   Section      460  dsqrt_noumaal.o(x$fpl$dsqrt)
    x$fpl$dsub                               0x080020fc   Section      476  daddsub_clz.o(x$fpl$dsub)
    _dsub1                                   0x0800210d   Thumb Code     0  daddsub_clz.o(x$fpl$dsub)
    x$fpl$f2d                                0x080022d8   Section       86  f2d.o(x$fpl$f2d)
    x$fpl$fadd                               0x08002330   Section      196  faddsub_clz.o(x$fpl$fadd)
    _fadd1                                   0x0800233f   Thumb Code     0  faddsub_clz.o(x$fpl$fadd)
    _fdiv1                                   0x080023f5   Thumb Code     0  fdiv.o(x$fpl$fdiv)
    x$fpl$fdiv                               0x080023f4   Section      388  fdiv.o(x$fpl$fdiv)
    x$fpl$fflt                               0x08002578   Section       48  fflt_clz.o(x$fpl$fflt)
    x$fpl$ffltu                              0x080025a8   Section       38  fflt_clz.o(x$fpl$ffltu)
    x$fpl$fmul                               0x080025d0   Section      258  fmul.o(x$fpl$fmul)
    x$fpl$fnaninf                            0x080026d2   Section      140  fnaninf.o(x$fpl$fnaninf)
    x$fpl$fretinf                            0x0800275e   Section       10  fretinf.o(x$fpl$fretinf)
    x$fpl$fsub                               0x08002768   Section      234  faddsub_clz.o(x$fpl$fsub)
    _fsub1                                   0x08002777   Thumb Code     0  faddsub_clz.o(x$fpl$fsub)
    x$fpl$retnan                             0x08002852   Section      100  retnan.o(x$fpl$retnan)
    x$fpl$scalbn                             0x080028b6   Section       92  scalbn.o(x$fpl$scalbn)
    x$fpl$trapveneer                         0x08002912   Section       48  trapv.o(x$fpl$trapveneer)
    x$fpl$usenofp                            0x08002942   Section        0  usenofp.o(x$fpl$usenofp)
    halF                                     0x08002948   Data          16  exp.o(.constdata)
    .constdata                               0x08002948   Section       88  exp.o(.constdata)
    ln2HI                                    0x08002958   Data          16  exp.o(.constdata)
    ln2LO                                    0x08002968   Data          16  exp.o(.constdata)
    P                                        0x08002978   Data          40  exp.o(.constdata)
    .bss                                     0x20000000   Section       96  libspace.o(.bss)
    MLX90621_I2CWrite.dataCheck              0x20000060   Data           2  mlx90621.o(.bss.MLX90621_I2CWrite.dataCheck)
    [Anonymous Symbol]                       0x20000060   Section        0  mlx90621.o(.bss.MLX90621_I2CWrite.dataCheck)
    eeData                                   0x20000168   Data         256  main.o(.bss.eeData)
    [Anonymous Symbol]                       0x20000168   Section        0  main.o(.bss.eeData)
    frame                                    0x20000268   Data         132  main.o(.bss.frame)
    [Anonymous Symbol]                       0x20000268   Section        0  main.o(.bss.frame)
    sensor                                   0x200002ec   Data         824  main.o(.bss.sensor)
    [Anonymous Symbol]                       0x200002ec   Section        0  main.o(.bss.sensor)
    Heap_Mem                                 0x20000628   Data         512  startup_stm32f10x_md.o(HEAP)
    HEAP                                     0x20000628   Section      512  startup_stm32f10x_md.o(HEAP)
    Stack_Mem                                0x20000828   Data        1024  startup_stm32f10x_md.o(STACK)
    STACK                                    0x20000828   Section     1024  startup_stm32f10x_md.o(STACK)
    __initial_sp                             0x20000c28   Data           0  startup_stm32f10x_md.o(STACK)

    Global Symbols

    Symbol Name                              Value     Ov Type        Size  Object(Section)

    BuildAttributes$$THM_ISAv4$P$D$K$B$S$PE$A:L22UL41UL21$X:L11$S22US41US21$IEEE1$IW$~IW$USESV6$~STKCKD$USESV7$~SHL$OTIME$ROPI$IEEEX$EBA8$UX$STANDARDLIB$REQ8$PRES8$EABIv2 0x00000000   Number         0  anon$$obj.o ABSOLUTE
    __fp_init_empty                          0x00000000   Number         0  fpinit_empty.o ABSOLUTE
    __ARM_exceptions_init                     - Undefined Weak Reference
    __alloca_initialize                       - Undefined Weak Reference
    __arm_preinit_                            - Undefined Weak Reference
    __cpp_initialize__aeabi_                  - Undefined Weak Reference
    __cxa_finalize                            - Undefined Weak Reference
    __rt_locale                               - Undefined Weak Reference
    __sigvec_lookup                           - Undefined Weak Reference
    _atexit_init                              - Undefined Weak Reference
    _call_atexit_fns                          - Undefined Weak Reference
    _clock_init                               - Undefined Weak Reference
    _fp_trap_init                             - Undefined Weak Reference
    _fp_trap_shutdown                         - Undefined Weak Reference
    _get_lc_collate                           - Undefined Weak Reference
    _get_lc_ctype                             - Undefined Weak Reference
    _get_lc_monetary                          - Undefined Weak Reference
    _get_lc_numeric                           - Undefined Weak Reference
    _get_lc_time                              - Undefined Weak Reference
    _getenv_init                              - Undefined Weak Reference
    _handle_redirection                       - Undefined Weak Reference
    _init_alloc                               - Undefined Weak Reference
    _init_user_alloc                          - Undefined Weak Reference
    _initio                                   - Undefined Weak Reference
    _rand_init                                - Undefined Weak Reference
    _signal_finish                            - Undefined Weak Reference
    _signal_init                              - Undefined Weak Reference
    _terminate_alloc                          - Undefined Weak Reference
    _terminate_user_alloc                     - Undefined Weak Reference
    _terminateio                              - Undefined Weak Reference
    __Vectors_Size                           0x000000ec   Number         0  startup_stm32f10x_md.o ABSOLUTE
    __Vectors                                0x08000000   Data           4  startup_stm32f10x_md.o(RESET)
    __Vectors_End                            0x080000ec   Data           0  startup_stm32f10x_md.o(RESET)
    __main                                   0x080000ed   Thumb Code     8  __main.o(!!!main)
    __scatterload                            0x080000f5   Thumb Code     0  __scatter.o(!!!scatter)
    __scatterload_rt2                        0x080000f5   Thumb Code    44  __scatter.o(!!!scatter)
    __scatterload_rt2_thumb_only             0x080000f5   Thumb Code     0  __scatter.o(!!!scatter)
    __scatterload_null                       0x08000103   Thumb Code     0  __scatter.o(!!!scatter)
    __scatterload_zeroinit                   0x08000129   Thumb Code    28  __scatter_zi.o(!!handler_zi)
    __rt_lib_init                            0x08000145   Thumb Code     0  libinit.o(.ARM.Collect$$libinit$$00000000)
    __rt_lib_init_alloca_1                   0x08000147   Thumb Code     0  libinit2.o(.ARM.Collect$$libinit$$0000002E)
    __rt_lib_init_argv_1                     0x08000147   Thumb Code     0  libinit2.o(.ARM.Collect$$libinit$$0000002C)
    __rt_lib_init_atexit_1                   0x08000147   Thumb Code     0  libinit2.o(.ARM.Collect$$libinit$$0000001B)
    __rt_lib_init_clock_1                    0x08000147   Thumb Code     0  libinit2.o(.ARM.Collect$$libinit$$00000021)
    __rt_lib_init_cpp_1                      0x08000147   Thumb Code     0  libinit2.o(.ARM.Collect$$libinit$$00000032)
    __rt_lib_init_exceptions_1               0x08000147   Thumb Code     0  libinit2.o(.ARM.Collect$$libinit$$00000030)
    __rt_lib_init_fp_1                       0x08000147   Thumb Code     0  libinit2.o(.ARM.Collect$$libinit$$00000002)
    __rt_lib_init_fp_trap_1                  0x08000147   Thumb Code     0  libinit2.o(.ARM.Collect$$libinit$$0000001F)
    __rt_lib_init_getenv_1                   0x08000147   Thumb Code     0  libinit2.o(.ARM.Collect$$libinit$$00000023)
    __rt_lib_init_heap_1                     0x08000147   Thumb Code     0  libinit2.o(.ARM.Collect$$libinit$$0000000A)
    __rt_lib_init_lc_collate_1               0x08000147   Thumb Code     0  libinit2.o(.ARM.Collect$$libinit$$00000011)
    __rt_lib_init_lc_ctype_1                 0x08000147   Thumb Code     0  libinit2.o(.ARM.Collect$$libinit$$00000013)
    __rt_lib_init_lc_monetary_1              0x08000147   Thumb Code     0  libinit2.o(.ARM.Collect$$libinit$$00000015)
    __rt_lib_init_lc_numeric_1               0x08000147   Thumb Code     0  libinit2.o(.ARM.Collect$$libinit$$00000017)
    __rt_lib_init_lc_time_1                  0x08000147   Thumb Code     0  libinit2.o(.ARM.Collect$$libinit$$00000019)
    __rt_lib_init_preinit_1                  0x08000147   Thumb Code     0  libinit2.o(.ARM.Collect$$libinit$$00000004)
    __rt_lib_init_rand_1                     0x08000147   Thumb Code     0  libinit2.o(.ARM.Collect$$libinit$$0000000E)
    __rt_lib_init_return                     0x08000147   Thumb Code     0  libinit2.o(.ARM.Collect$$libinit$$00000033)
    __rt_lib_init_signal_1                   0x08000147   Thumb Code     0  libinit2.o(.ARM.Collect$$libinit$$0000001D)
    __rt_lib_init_stdio_1                    0x08000147   Thumb Code     0  libinit2.o(.ARM.Collect$$libinit$$00000025)
    __rt_lib_init_user_alloc_1               0x08000147   Thumb Code     0  libinit2.o(.ARM.Collect$$libinit$$0000000C)
    __rt_lib_shutdown                        0x08000149   Thumb Code     0  libshutdown.o(.ARM.Collect$$libshutdown$$00000000)
    __rt_lib_shutdown_cpp_1                  0x0800014b   Thumb Code     0  libshutdown2.o(.ARM.Collect$$libshutdown$$00000002)
    __rt_lib_shutdown_fp_trap_1              0x0800014b   Thumb Code     0  libshutdown2.o(.ARM.Collect$$libshutdown$$00000007)
    __rt_lib_shutdown_heap_1                 0x0800014b   Thumb Code     0  libshutdown2.o(.ARM.Collect$$libshutdown$$0000000F)
    __rt_lib_shutdown_return                 0x0800014b   Thumb Code     0  libshutdown2.o(.ARM.Collect$$libshutdown$$00000010)
    __rt_lib_shutdown_signal_1               0x0800014b   Thumb Code     0  libshutdown2.o(.ARM.Collect$$libshutdown$$0000000A)
    __rt_lib_shutdown_stdio_1                0x0800014b   Thumb Code     0  libshutdown2.o(.ARM.Collect$$libshutdown$$00000004)
    __rt_lib_shutdown_user_alloc_1           0x0800014b   Thumb Code     0  libshutdown2.o(.ARM.Collect$$libshutdown$$0000000C)
    __rt_entry                               0x0800014d   Thumb Code     0  __rtentry.o(.ARM.Collect$$rtentry$$00000000)
    __rt_entry_presh_1                       0x0800014d   Thumb Code     0  __rtentry2.o(.ARM.Collect$$rtentry$$00000002)
    __rt_entry_sh                            0x0800014d   Thumb Code     0  __rtentry4.o(.ARM.Collect$$rtentry$$00000004)
    __rt_entry_li                            0x08000153   Thumb Code     0  __rtentry2.o(.ARM.Collect$$rtentry$$0000000A)
    __rt_entry_postsh_1                      0x08000153   Thumb Code     0  __rtentry2.o(.ARM.Collect$$rtentry$$00000009)
    __rt_entry_main                          0x08000157   Thumb Code     0  __rtentry2.o(.ARM.Collect$$rtentry$$0000000D)
    __rt_entry_postli_1                      0x08000157   Thumb Code     0  __rtentry2.o(.ARM.Collect$$rtentry$$0000000C)
    __rt_exit                                0x0800015f   Thumb Code     0  rtexit.o(.ARM.Collect$$rtexit$$00000000)
    __rt_exit_ls                             0x08000161   Thumb Code     0  rtexit2.o(.ARM.Collect$$rtexit$$00000003)
    __rt_exit_prels_1                        0x08000161   Thumb Code     0  rtexit2.o(.ARM.Collect$$rtexit$$00000002)
    __rt_exit_exit                           0x08000165   Thumb Code     0  rtexit2.o(.ARM.Collect$$rtexit$$00000004)
    Reset_Handler                            0x0800016d   Thumb Code     8  startup_stm32f10x_md.o(.text)
    NMI_Handler                              0x08000175   Thumb Code     2  startup_stm32f10x_md.o(.text)
    HardFault_Handler                        0x08000177   Thumb Code     2  startup_stm32f10x_md.o(.text)
    MemManage_Handler                        0x08000179   Thumb Code     2  startup_stm32f10x_md.o(.text)
    BusFault_Handler                         0x0800017b   Thumb Code     2  startup_stm32f10x_md.o(.text)
    UsageFault_Handler                       0x0800017d   Thumb Code     2  startup_stm32f10x_md.o(.text)
    SVC_Handler                              0x0800017f   Thumb Code     2  startup_stm32f10x_md.o(.text)
    DebugMon_Handler                         0x08000181   Thumb Code     2  startup_stm32f10x_md.o(.text)
    PendSV_Handler                           0x08000183   Thumb Code     2  startup_stm32f10x_md.o(.text)
    SysTick_Handler                          0x08000185   Thumb Code     2  startup_stm32f10x_md.o(.text)
    ADC1_2_IRQHandler                        0x08000187   Thumb Code     0  startup_stm32f10x_md.o(.text)
    CAN1_RX1_IRQHandler                      0x08000187   Thumb Code     0  startup_stm32f10x_md.o(.text)
    CAN1_SCE_IRQHandler                      0x08000187   Thumb Code     0  startup_stm32f10x_md.o(.text)
    DMA1_Channel1_IRQHandler                 0x08000187   Thumb Code     0  startup_stm32f10x_md.o(.text)
    DMA1_Channel2_IRQHandler                 0x08000187   Thumb Code     0  startup_stm32f10x_md.o(.text)
    DMA1_Channel3_IRQHandler                 0x08000187   Thumb Code     0  startup_stm32f10x_md.o(.text)
    DMA1_Channel4_IRQHandler                 0x08000187   Thumb Code     0  startup_stm32f10x_md.o(.text)
    DMA1_Channel5_IRQHandler                 0x08000187   Thumb Code     0  startup_stm32f10x_md.o(.text)
    DMA1_Channel6_IRQHandler                 0x08000187   Thumb Code     0  startup_stm32f10x_md.o(.text)
    DMA1_Channel7_IRQHandler                 0x08000187   Thumb Code     0  startup_stm32f10x_md.o(.text)
    EXTI0_IRQHandler                         0x08000187   Thumb Code     0  startup_stm32f10x_md.o(.text)
    EXTI15_10_IRQHandler                     0x08000187   Thumb Code     0  startup_stm32f10x_md.o(.text)
    EXTI1_IRQHandler                         0x08000187   Thumb Code     0  startup_stm32f10x_md.o(.text)
    EXTI2_IRQHandler                         0x08000187   Thumb Code     0  startup_stm32f10x_md.o(.text)
    EXTI3_IRQHandler                         0x08000187   Thumb Code     0  startup_stm32f10x_md.o(.text)
    EXTI4_IRQHandler                         0x08000187   Thumb Code     0  startup_stm32f10x_md.o(.text)
    EXTI9_5_IRQHandler                       0x08000187   Thumb Code     0  startup_stm32f10x_md.o(.text)
    FLASH_IRQHandler                         0x08000187   Thumb Code     0  startup_stm32f10x_md.o(.text)
    I2C1_ER_IRQHandler                       0x08000187   Thumb Code     0  startup_stm32f10x_md.o(.text)
    I2C1_EV_IRQHandler                       0x08000187   Thumb Code     0  startup_stm32f10x_md.o(.text)
    I2C2_ER_IRQHandler                       0x08000187   Thumb Code     0  startup_stm32f10x_md.o(.text)
    I2C2_EV_IRQHandler                       0x08000187   Thumb Code     0  startup_stm32f10x_md.o(.text)
    PVD_IRQHandler                           0x08000187   Thumb Code     0  startup_stm32f10x_md.o(.text)
    RCC_IRQHandler                           0x08000187   Thumb Code     0  startup_stm32f10x_md.o(.text)
    RTCAlarm_IRQHandler                      0x08000187   Thumb Code     0  startup_stm32f10x_md.o(.text)
    RTC_IRQHandler                           0x08000187   Thumb Code     0  startup_stm32f10x_md.o(.text)
    SPI1_IRQHandler                          0x08000187   Thumb Code     0  startup_stm32f10x_md.o(.text)
    SPI2_IRQHandler                          0x08000187   Thumb Code     0  startup_stm32f10x_md.o(.text)
    TAMPER_IRQHandler                        0x08000187   Thumb Code     0  startup_stm32f10x_md.o(.text)
    TIM1_BRK_IRQHandler                      0x08000187   Thumb Code     0  startup_stm32f10x_md.o(.text)
    TIM1_CC_IRQHandler                       0x08000187   Thumb Code     0  startup_stm32f10x_md.o(.text)
    TIM1_TRG_COM_IRQHandler                  0x08000187   Thumb Code     0  startup_stm32f10x_md.o(.text)
    TIM1_UP_IRQHandler                       0x08000187   Thumb Code     0  startup_stm32f10x_md.o(.text)
    TIM2_IRQHandler                          0x08000187   Thumb Code     0  startup_stm32f10x_md.o(.text)
    TIM3_IRQHandler                          0x08000187   Thumb Code     0  startup_stm32f10x_md.o(.text)
    TIM4_IRQHandler                          0x08000187   Thumb Code     0  startup_stm32f10x_md.o(.text)
    USART1_IRQHandler                        0x08000187   Thumb Code     0  startup_stm32f10x_md.o(.text)
    USART2_IRQHandler                        0x08000187   Thumb Code     0  startup_stm32f10x_md.o(.text)
    USART3_IRQHandler                        0x08000187   Thumb Code     0  startup_stm32f10x_md.o(.text)
    USBWakeUp_IRQHandler                     0x08000187   Thumb Code     0  startup_stm32f10x_md.o(.text)
    USB_HP_CAN1_TX_IRQHandler                0x08000187   Thumb Code     0  startup_stm32f10x_md.o(.text)
    USB_LP_CAN1_RX0_IRQHandler               0x08000187   Thumb Code     0  startup_stm32f10x_md.o(.text)
    WWDG_IRQHandler                          0x08000187   Thumb Code     0  startup_stm32f10x_md.o(.text)
    __user_initial_stackheap                 0x08000189   Thumb Code     0  startup_stm32f10x_md.o(.text)
    __aeabi_memcpy                           0x080001ad   Thumb Code     0  rt_memcpy_v6.o(.text)
    __rt_memcpy                              0x080001ad   Thumb Code   138  rt_memcpy_v6.o(.text)
    _memcpy_lastbytes                        0x08000213   Thumb Code     0  rt_memcpy_v6.o(.text)
    __aeabi_memclr4                          0x08000237   Thumb Code     0  rt_memclr_w.o(.text)
    __aeabi_memclr8                          0x08000237   Thumb Code     0  rt_memclr_w.o(.text)
    __rt_memclr_w                            0x08000237   Thumb Code     0  rt_memclr_w.o(.text)
    _memset_w                                0x0800023b   Thumb Code    74  rt_memclr_w.o(.text)
    __use_two_region_memory                  0x08000285   Thumb Code     2  heapauxi.o(.text)
    __rt_heap_escrow$2region                 0x08000287   Thumb Code     2  heapauxi.o(.text)
    __rt_heap_expand$2region                 0x08000289   Thumb Code     2  heapauxi.o(.text)
    __read_errno                             0x0800028b   Thumb Code    10  _rserrno.o(.text)
    __set_errno                              0x08000295   Thumb Code    12  _rserrno.o(.text)
    __aeabi_memcpy4                          0x080002a1   Thumb Code     0  rt_memcpy_w.o(.text)
    __aeabi_memcpy8                          0x080002a1   Thumb Code     0  rt_memcpy_w.o(.text)
    __rt_memcpy_w                            0x080002a1   Thumb Code   100  rt_memcpy_w.o(.text)
    _memcpy_lastbytes_aligned                0x080002e9   Thumb Code     0  rt_memcpy_w.o(.text)
    __aeabi_errno_addr                       0x08000305   Thumb Code     8  rt_errno_addr_intlibspace.o(.text)
    __errno$intlibspace                      0x08000305   Thumb Code     0  rt_errno_addr_intlibspace.o(.text)
    __rt_errno_addr$intlibspace              0x08000305   Thumb Code     0  rt_errno_addr_intlibspace.o(.text)
    __user_libspace                          0x0800030d   Thumb Code     8  libspace.o(.text)
    __user_perproc_libspace                  0x0800030d   Thumb Code     0  libspace.o(.text)
    __user_perthread_libspace                0x0800030d   Thumb Code     0  libspace.o(.text)
    __user_setup_stackheap                   0x08000315   Thumb Code    74  sys_stackheap_outer.o(.text)
    exit                                     0x0800035f   Thumb Code    18  exit.o(.text)
    _sys_exit                                0x08000371   Thumb Code     8  sys_exit.o(.text)
    __I$use$semihosting                      0x0800037d   Thumb Code     0  use_no_semi.o(.text)
    __use_no_semihosting_swi                 0x0800037d   Thumb Code     2  use_no_semi.o(.text)
    __semihosting_library_function           0x0800037f   Thumb Code     0  indicate_semi.o(.text)
    Delay_ms                                 0x08000381   Thumb Code    28  delay_f103.o(.text.Delay_ms)
    Delay_us                                 0x0800039d   Thumb Code    20  delay_f103.o(.text.Delay_us)
    ExtractAlphaParameters                   0x080003b1   Thumb Code   204  mlx90621.o(.text.ExtractAlphaParameters)
    ExtractKsTaParameters                    0x0800047d   Thumb Code    48  mlx90621.o(.text.ExtractKsTaParameters)
    ExtractKsToParameters                    0x080004ad   Thumb Code    72  mlx90621.o(.text.ExtractKsToParameters)
    ExtractOffsetParameters                  0x080004f5   Thumb Code   292  mlx90621.o(.text.ExtractOffsetParameters)
    ExtractPTATParameters                    0x08000619   Thumb Code   170  mlx90621.o(.text.ExtractPTATParameters)
    ExtractTgcParameters                     0x080006c5   Thumb Code    24  mlx90621.o(.text.ExtractTgcParameters)
    GPIO_Config                              0x080006dd   Thumb Code    30  main.o(.text.GPIO_Config)
    I2C_Address                              0x080006fd   Thumb Code    24  i2c_f103.o(.text.I2C_Address)
    I2C_Config                               0x08000715   Thumb Code   222  i2c_f103.o(.text.I2C_Config)
    I2C_Read                                 0x080007f5   Thumb Code   166  i2c_f103.o(.text.I2C_Read)
    I2C_Start                                0x0800089d   Thumb Code    40  i2c_f103.o(.text.I2C_Start)
    I2C_Stop                                 0x080008c5   Thumb Code    24  i2c_f103.o(.text.I2C_Stop)
    I2C_Write                                0x080008dd   Thumb Code    28  i2c_f103.o(.text.I2C_Write)
    I2C_WriteBuf                             0x080008f9   Thumb Code    44  i2c_f103.o(.text.I2C_WriteBuf)
    MLX90621_CalculateTo                     0x08000925   Thumb Code   614  mlx90621.o(.text.MLX90621_CalculateTo)
    MLX90621_Configure                       0x08000b8d   Thumb Code    44  mlx90621.o(.text.MLX90621_Configure)
    MLX90621_DumpEE                          0x08000bb9   Thumb Code    20  mlx90621.o(.text.MLX90621_DumpEE)
    MLX90621_ExtractParameters               0x08000bcd   Thumb Code    54  mlx90621.o(.text.MLX90621_ExtractParameters)
    MLX90621_GetConfiguration                0x08000c05   Thumb Code    32  mlx90621.o(.text.MLX90621_GetConfiguration)
    MLX90621_GetCurResolution                0x08000c25   Thumb Code    24  mlx90621.o(.text.MLX90621_GetCurResolution)
    MLX90621_GetFrameData                    0x08000c3d   Thumb Code    32  mlx90621.o(.text.MLX90621_GetFrameData)
    MLX90621_GetTa                           0x08000c5d   Thumb Code   156  mlx90621.o(.text.MLX90621_GetTa)
    MLX90621_I2CInit                         0x08000cf9   Thumb Code    12  mlx90621.o(.text.MLX90621_I2CInit)
    MLX90621_I2CRead                         0x08000d05   Thumb Code   132  mlx90621.o(.text.MLX90621_I2CRead)
    MLX90621_I2CReadEEPROM                   0x08000d89   Thumb Code   100  mlx90621.o(.text.MLX90621_I2CReadEEPROM)
    MLX90621_I2CWrite                        0x08000ded   Thumb Code   126  mlx90621.o(.text.MLX90621_I2CWrite)
    MLX90621_SetRefreshRate                  0x08000e6d   Thumb Code    36  mlx90621.o(.text.MLX90621_SetRefreshRate)
    SystemInit                               0x08000f59   Thumb Code    86  system_stm32f10x.o(.text.SystemInit)
    TIM2_Config                              0x08000fb1   Thumb Code    52  delay_f103.o(.text.TIM2_Config)
    main                                     0x08000fe5   Thumb Code   208  main.o(.text.main)
    __ARM_fpclassify                         0x080010b5   Thumb Code    40  fpclassify.o(i.__ARM_fpclassify)
    __kernel_poly                            0x080010dd   Thumb Code   170  poly.o(i.__kernel_poly)
    __mathlib_dbl_infnan                     0x08001187   Thumb Code     6  dunder.o(i.__mathlib_dbl_infnan)
    __mathlib_dbl_overflow                   0x0800118d   Thumb Code    14  dunder.o(i.__mathlib_dbl_overflow)
    __mathlib_dbl_underflow                  0x0800119d   Thumb Code    10  dunder.o(i.__mathlib_dbl_underflow)
    exp                                      0x080011ad   Thumb Code   554  exp.o(i.exp)
    exp2                                     0x08001431   Thumb Code   260  exp2.o(i.exp2)
    ldexp                                    0x08001551   Thumb Code   116  ldexp.o(i.ldexp)
    modf                                     0x080015c5   Thumb Code   142  modf.o(i.modf)
    sqrt                                     0x08001659   Thumb Code    76  sqrt.o(i.sqrt)
    __aeabi_d2f                              0x080016a5   Thumb Code     0  d2f.o(x$fpl$d2f)
    _d2f                                     0x080016a5   Thumb Code    98  d2f.o(x$fpl$d2f)
    __aeabi_dadd                             0x08001709   Thumb Code     0  daddsub_clz.o(x$fpl$dadd)
    _dadd                                    0x08001709   Thumb Code   332  daddsub_clz.o(x$fpl$dadd)
    __fpl_dcheck_NaN1                        0x08001859   Thumb Code    10  dcheck1.o(x$fpl$dcheck1)
    __fpl_dcmp_Inf                           0x08001869   Thumb Code    24  dcmpi.o(x$fpl$dcmpinf)
    __aeabi_ddiv                             0x08001881   Thumb Code     0  ddiv.o(x$fpl$ddiv)
    _ddiv                                    0x08001881   Thumb Code   556  ddiv.o(x$fpl$ddiv)
    __aeabi_cdcmpeq                          0x08001b35   Thumb Code     0  deqf.o(x$fpl$deqf)
    _dcmpeq                                  0x08001b35   Thumb Code   120  deqf.o(x$fpl$deqf)
    __aeabi_d2iz                             0x08001bad   Thumb Code     0  dfix.o(x$fpl$dfix)
    _dfix                                    0x08001bad   Thumb Code    94  dfix.o(x$fpl$dfix)
    __aeabi_i2d                              0x08001c0b   Thumb Code     0  dflt_clz.o(x$fpl$dflt)
    _dflt                                    0x08001c0b   Thumb Code    46  dflt_clz.o(x$fpl$dflt)
    __aeabi_cdcmple                          0x08001c39   Thumb Code     0  dleqf.o(x$fpl$dleqf)
    _dcmple                                  0x08001c39   Thumb Code   120  dleqf.o(x$fpl$dleqf)
    __fpl_dcmple_InfNaN                      0x08001c9b   Thumb Code     0  dleqf.o(x$fpl$dleqf)
    __aeabi_dmul                             0x08001cb1   Thumb Code     0  dmul.o(x$fpl$dmul)
    _dmul                                    0x08001cb1   Thumb Code   332  dmul.o(x$fpl$dmul)
    __fpl_dnaninf                            0x08001e05   Thumb Code   156  dnaninf.o(x$fpl$dnaninf)
    __fpl_dretinf                            0x08001ea1   Thumb Code    12  dretinf.o(x$fpl$dretinf)
    __aeabi_cdrcmple                         0x08001ead   Thumb Code     0  drleqf.o(x$fpl$drleqf)
    _drcmple                                 0x08001ead   Thumb Code   108  drleqf.o(x$fpl$drleqf)
    __aeabi_drsub                            0x08001f19   Thumb Code     0  daddsub_clz.o(x$fpl$drsb)
    _drsb                                    0x08001f19   Thumb Code    22  daddsub_clz.o(x$fpl$drsb)
    _dsqrt                                   0x08001f31   Thumb Code   456  dsqrt_noumaal.o(x$fpl$dsqrt)
    __aeabi_dsub                             0x080020fd   Thumb Code     0  daddsub_clz.o(x$fpl$dsub)
    _dsub                                    0x080020fd   Thumb Code   472  daddsub_clz.o(x$fpl$dsub)
    __aeabi_f2d                              0x080022d9   Thumb Code     0  f2d.o(x$fpl$f2d)
    _f2d                                     0x080022d9   Thumb Code    86  f2d.o(x$fpl$f2d)
    __aeabi_fadd                             0x08002331   Thumb Code     0  faddsub_clz.o(x$fpl$fadd)
    _fadd                                    0x08002331   Thumb Code   196  faddsub_clz.o(x$fpl$fadd)
    __aeabi_fdiv                             0x080023f5   Thumb Code     0  fdiv.o(x$fpl$fdiv)
    _fdiv                                    0x080023f5   Thumb Code   384  fdiv.o(x$fpl$fdiv)
    __aeabi_i2f                              0x08002579   Thumb Code     0  fflt_clz.o(x$fpl$fflt)
    _fflt                                    0x08002579   Thumb Code    48  fflt_clz.o(x$fpl$fflt)
    __aeabi_ui2f                             0x080025a9   Thumb Code     0  fflt_clz.o(x$fpl$ffltu)
    _ffltu                                   0x080025a9   Thumb Code    38  fflt_clz.o(x$fpl$ffltu)
    __aeabi_fmul                             0x080025d1   Thumb Code     0  fmul.o(x$fpl$fmul)
    _fmul                                    0x080025d1   Thumb Code   258  fmul.o(x$fpl$fmul)
    __fpl_fnaninf                            0x080026d3   Thumb Code   140  fnaninf.o(x$fpl$fnaninf)
    __fpl_fretinf                            0x0800275f   Thumb Code    10  fretinf.o(x$fpl$fretinf)
    __aeabi_fsub                             0x08002769   Thumb Code     0  faddsub_clz.o(x$fpl$fsub)
    _fsub                                    0x08002769   Thumb Code   234  faddsub_clz.o(x$fpl$fsub)
    __fpl_return_NaN                         0x08002853   Thumb Code   100  retnan.o(x$fpl$retnan)
    __ARM_scalbn                             0x080028b7   Thumb Code    92  scalbn.o(x$fpl$scalbn)
    __fpl_cmpreturn                          0x08002913   Thumb Code    48  trapv.o(x$fpl$trapveneer)
    __I$use$fp                               0x08002942   Number         0  usenofp.o(x$fpl$usenofp)
    Region$$Table$$Base                      0x080029a0   Number         0  anon$$obj.o(Region$$Table)
    Region$$Table$$Limit                     0x080029b0   Number         0  anon$$obj.o(Region$$Table)
    __libspace_start                         0x20000000   Data          96  libspace.o(.bss)
    __temporary_stack_top$libspace           0x20000060   Data           0  libspace.o(.bss)
    Ta                                       0x20000064   Data           4  main.o(.bss.Ta)
    To                                       0x20000068   Data         256  main.o(.bss.To)
    status                                   0x20000624   Data           4  main.o(.bss.status)



==============================================================================

Memory Map of the image

  Image Entry point : 0x0800016d

  Load Region LR_1 (Base: 0x08000000, Size: 0x000029b0, Max: 0xffffffff, ABSOLUTE)

    Execution Region ER_RO (Exec base: 0x08000000, Load base: 0x08000000, Size: 0x000029b0, Max: 0xffffffff, ABSOLUTE)

    Exec Addr    Load Addr    Size         Type   Attr      Idx    E Section Name        Object

    0x08000000   0x08000000   0x000000ec   Data   RO          113    RESET               startup_stm32f10x_md.o
    0x080000ec   0x080000ec   0x00000008   Code   RO          146  * !!!main             c_w.l(__main.o)
    0x080000f4   0x080000f4   0x00000034   Code   RO          428    !!!scatter          c_w.l(__scatter.o)
    0x08000128   0x08000128   0x0000001c   Code   RO          430    !!handler_zi        c_w.l(__scatter_zi.o)
    0x08000144   0x08000144   0x00000002   Code   RO          291    .ARM.Collect$$libinit$$00000000  c_w.l(libinit.o)
    0x08000146   0x08000146   0x00000000   Code   RO          297    .ARM.Collect$$libinit$$00000002  c_w.l(libinit2.o)
    0x08000146   0x08000146   0x00000000   Code   RO          299    .ARM.Collect$$libinit$$00000004  c_w.l(libinit2.o)
    0x08000146   0x08000146   0x00000000   Code   RO          302    .ARM.Collect$$libinit$$0000000A  c_w.l(libinit2.o)
    0x08000146   0x08000146   0x00000000   Code   RO          304    .ARM.Collect$$libinit$$0000000C  c_w.l(libinit2.o)
    0x08000146   0x08000146   0x00000000   Code   RO          306    .ARM.Collect$$libinit$$0000000E  c_w.l(libinit2.o)
    0x08000146   0x08000146   0x00000000   Code   RO          309    .ARM.Collect$$libinit$$00000011  c_w.l(libinit2.o)
    0x08000146   0x08000146   0x00000000   Code   RO          311    .ARM.Collect$$libinit$$00000013  c_w.l(libinit2.o)
    0x08000146   0x08000146   0x00000000   Code   RO          313    .ARM.Collect$$libinit$$00000015  c_w.l(libinit2.o)
    0x08000146   0x08000146   0x00000000   Code   RO          315    .ARM.Collect$$libinit$$00000017  c_w.l(libinit2.o)
    0x08000146   0x08000146   0x00000000   Code   RO          317    .ARM.Collect$$libinit$$00000019  c_w.l(libinit2.o)
    0x08000146   0x08000146   0x00000000   Code   RO          319    .ARM.Collect$$libinit$$0000001B  c_w.l(libinit2.o)
    0x08000146   0x08000146   0x00000000   Code   RO          321    .ARM.Collect$$libinit$$0000001D  c_w.l(libinit2.o)
    0x08000146   0x08000146   0x00000000   Code   RO          323    .ARM.Collect$$libinit$$0000001F  c_w.l(libinit2.o)
    0x08000146   0x08000146   0x00000000   Code   RO          325    .ARM.Collect$$libinit$$00000021  c_w.l(libinit2.o)
    0x08000146   0x08000146   0x00000000   Code   RO          327    .ARM.Collect$$libinit$$00000023  c_w.l(libinit2.o)
    0x08000146   0x08000146   0x00000000   Code   RO          329    .ARM.Collect$$libinit$$00000025  c_w.l(libinit2.o)
    0x08000146   0x08000146   0x00000000   Code   RO          333    .ARM.Collect$$libinit$$0000002C  c_w.l(libinit2.o)
    0x08000146   0x08000146   0x00000000   Code   RO          335    .ARM.Collect$$libinit$$0000002E  c_w.l(libinit2.o)
    0x08000146   0x08000146   0x00000000   Code   RO          337    .ARM.Collect$$libinit$$00000030  c_w.l(libinit2.o)
    0x08000146   0x08000146   0x00000000   Code   RO          339    .ARM.Collect$$libinit$$00000032  c_w.l(libinit2.o)
    0x08000146   0x08000146   0x00000002   Code   RO          340    .ARM.Collect$$libinit$$00000033  c_w.l(libinit2.o)
    0x08000148   0x08000148   0x00000002   Code   RO          364    .ARM.Collect$$libshutdown$$00000000  c_w.l(libshutdown.o)
    0x0800014a   0x0800014a   0x00000000   Code   RO          379    .ARM.Collect$$libshutdown$$00000002  c_w.l(libshutdown2.o)
    0x0800014a   0x0800014a   0x00000000   Code   RO          381    .ARM.Collect$$libshutdown$$00000004  c_w.l(libshutdown2.o)
    0x0800014a   0x0800014a   0x00000000   Code   RO          384    .ARM.Collect$$libshutdown$$00000007  c_w.l(libshutdown2.o)
    0x0800014a   0x0800014a   0x00000000   Code   RO          387    .ARM.Collect$$libshutdown$$0000000A  c_w.l(libshutdown2.o)
    0x0800014a   0x0800014a   0x00000000   Code   RO          389    .ARM.Collect$$libshutdown$$0000000C  c_w.l(libshutdown2.o)
    0x0800014a   0x0800014a   0x00000000   Code   RO          392    .ARM.Collect$$libshutdown$$0000000F  c_w.l(libshutdown2.o)
    0x0800014a   0x0800014a   0x00000002   Code   RO          393    .ARM.Collect$$libshutdown$$00000010  c_w.l(libshutdown2.o)
    0x0800014c   0x0800014c   0x00000000   Code   RO          194    .ARM.Collect$$rtentry$$00000000  c_w.l(__rtentry.o)
    0x0800014c   0x0800014c   0x00000000   Code   RO          248    .ARM.Collect$$rtentry$$00000002  c_w.l(__rtentry2.o)
    0x0800014c   0x0800014c   0x00000006   Code   RO          260    .ARM.Collect$$rtentry$$00000004  c_w.l(__rtentry4.o)
    0x08000152   0x08000152   0x00000000   Code   RO          250    .ARM.Collect$$rtentry$$00000009  c_w.l(__rtentry2.o)
    0x08000152   0x08000152   0x00000004   Code   RO          251    .ARM.Collect$$rtentry$$0000000A  c_w.l(__rtentry2.o)
    0x08000156   0x08000156   0x00000000   Code   RO          253    .ARM.Collect$$rtentry$$0000000C  c_w.l(__rtentry2.o)
    0x08000156   0x08000156   0x00000008   Code   RO          254    .ARM.Collect$$rtentry$$0000000D  c_w.l(__rtentry2.o)
    0x0800015e   0x0800015e   0x00000002   Code   RO          294    .ARM.Collect$$rtexit$$00000000  c_w.l(rtexit.o)
    0x08000160   0x08000160   0x00000000   Code   RO          344    .ARM.Collect$$rtexit$$00000002  c_w.l(rtexit2.o)
    0x08000160   0x08000160   0x00000004   Code   RO          345    .ARM.Collect$$rtexit$$00000003  c_w.l(rtexit2.o)
    0x08000164   0x08000164   0x00000006   Code   RO          346    .ARM.Collect$$rtexit$$00000004  c_w.l(rtexit2.o)
    0x0800016a   0x0800016a   0x00000002   PAD
    0x0800016c   0x0800016c   0x00000040   Code   RO          114  * .text               startup_stm32f10x_md.o
    0x080001ac   0x080001ac   0x0000008a   Code   RO          140    .text               c_w.l(rt_memcpy_v6.o)
    0x08000236   0x08000236   0x0000004e   Code   RO          142    .text               c_w.l(rt_memclr_w.o)
    0x08000284   0x08000284   0x00000006   Code   RO          144    .text               c_w.l(heapauxi.o)
    0x0800028a   0x0800028a   0x00000016   Code   RO          195    .text               c_w.l(_rserrno.o)
    0x080002a0   0x080002a0   0x00000064   Code   RO          197    .text               c_w.l(rt_memcpy_w.o)
    0x08000304   0x08000304   0x00000008   Code   RO          265    .text               c_w.l(rt_errno_addr_intlibspace.o)
    0x0800030c   0x0800030c   0x00000008   Code   RO          279    .text               c_w.l(libspace.o)
    0x08000314   0x08000314   0x0000004a   Code   RO          282    .text               c_w.l(sys_stackheap_outer.o)
    0x0800035e   0x0800035e   0x00000012   Code   RO          284    .text               c_w.l(exit.o)
    0x08000370   0x08000370   0x0000000c   Code   RO          354    .text               c_w.l(sys_exit.o)
    0x0800037c   0x0800037c   0x00000002   Code   RO          369    .text               c_w.l(use_no_semi.o)
    0x0800037e   0x0800037e   0x00000000   Code   RO          371    .text               c_w.l(indicate_semi.o)
    0x0800037e   0x0800037e   0x00000002   PAD
    0x08000380   0x08000380   0x0000001c   Code   RO           25    .text.Delay_ms      delay_f103.o
    0x0800039c   0x0800039c   0x00000014   Code   RO           23    .text.Delay_us      delay_f103.o
    0x080003b0   0x080003b0   0x000000cc   Code   RO           83    .text.ExtractAlphaParameters  mlx90621.o
    0x0800047c   0x0800047c   0x00000030   Code   RO           79    .text.ExtractKsTaParameters  mlx90621.o
    0x080004ac   0x080004ac   0x00000048   Code   RO           81    .text.ExtractKsToParameters  mlx90621.o
    0x080004f4   0x080004f4   0x00000124   Code   RO           85    .text.ExtractOffsetParameters  mlx90621.o
    0x08000618   0x08000618   0x000000aa   Code   RO           75    .text.ExtractPTATParameters  mlx90621.o
    0x080006c2   0x080006c2   0x00000002   PAD
    0x080006c4   0x080006c4   0x00000018   Code   RO           77    .text.ExtractTgcParameters  mlx90621.o
    0x080006dc   0x080006dc   0x0000001e   Code   RO            2    .text.GPIO_Config   main.o
    0x080006fa   0x080006fa   0x00000002   PAD
    0x080006fc   0x080006fc   0x00000018   Code   RO           39    .text.I2C_Address   i2c_f103.o
    0x08000714   0x08000714   0x000000de   Code   RO           35    .text.I2C_Config    i2c_f103.o
    0x080007f2   0x080007f2   0x00000002   PAD
    0x080007f4   0x080007f4   0x000000a6   Code   RO           45    .text.I2C_Read      i2c_f103.o
    0x0800089a   0x0800089a   0x00000002   PAD
    0x0800089c   0x0800089c   0x00000028   Code   RO           37    .text.I2C_Start     i2c_f103.o
    0x080008c4   0x080008c4   0x00000018   Code   RO           47    .text.I2C_Stop      i2c_f103.o
    0x080008dc   0x080008dc   0x0000001c   Code   RO           41    .text.I2C_Write     i2c_f103.o
    0x080008f8   0x080008f8   0x0000002c   Code   RO           43    .text.I2C_WriteBuf  i2c_f103.o
    0x08000924   0x08000924   0x00000266   Code   RO           95    .text.MLX90621_CalculateTo  mlx90621.o
    0x08000b8a   0x08000b8a   0x00000002   PAD
    0x08000b8c   0x08000b8c   0x0000002c   Code   RO           65    .text.MLX90621_Configure  mlx90621.o
    0x08000bb8   0x08000bb8   0x00000014   Code   RO           57    .text.MLX90621_DumpEE  mlx90621.o
    0x08000bcc   0x08000bcc   0x00000036   Code   RO           73    .text.MLX90621_ExtractParameters  mlx90621.o
    0x08000c02   0x08000c02   0x00000002   PAD
    0x08000c04   0x08000c04   0x00000020   Code   RO           71    .text.MLX90621_GetConfiguration  mlx90621.o
    0x08000c24   0x08000c24   0x00000018   Code   RO           89    .text.MLX90621_GetCurResolution  mlx90621.o
    0x08000c3c   0x08000c3c   0x00000020   Code   RO           61    .text.MLX90621_GetFrameData  mlx90621.o
    0x08000c5c   0x08000c5c   0x0000009c   Code   RO           97    .text.MLX90621_GetTa  mlx90621.o
    0x08000cf8   0x08000cf8   0x0000000c   Code   RO          101    .text.MLX90621_I2CInit  mlx90621.o
    0x08000d04   0x08000d04   0x00000084   Code   RO           63    .text.MLX90621_I2CRead  mlx90621.o
    0x08000d88   0x08000d88   0x00000064   Code   RO           59    .text.MLX90621_I2CReadEEPROM  mlx90621.o
    0x08000dec   0x08000dec   0x0000007e   Code   RO           67    .text.MLX90621_I2CWrite  mlx90621.o
    0x08000e6a   0x08000e6a   0x00000002   PAD
    0x08000e6c   0x08000e6c   0x00000024   Code   RO           91    .text.MLX90621_SetRefreshRate  mlx90621.o
    0x08000e90   0x08000e90   0x00000008   Code   RO          123    .text.SetSysClock   system_stm32f10x.o
    0x08000e98   0x08000e98   0x000000be   Code   RO          127    .text.SetSysClockTo72  system_stm32f10x.o
    0x08000f56   0x08000f56   0x00000002   PAD
    0x08000f58   0x08000f58   0x00000056   Code   RO          121    .text.SystemInit    system_stm32f10x.o
    0x08000fae   0x08000fae   0x00000002   PAD
    0x08000fb0   0x08000fb0   0x00000034   Code   RO           21    .text.TIM2_Config   delay_f103.o
    0x08000fe4   0x08000fe4   0x000000d0   Code   RO            4    .text.main          main.o
    0x080010b4   0x080010b4   0x00000028   Code   RO          241    i.__ARM_fpclassify  m_ws.l(fpclassify.o)
    0x080010dc   0x080010dc   0x000000aa   Code   RO          277    i.__kernel_poly     m_ws.l(poly.o)
    0x08001186   0x08001186   0x00000006   Code   RO          223    i.__mathlib_dbl_infnan  m_ws.l(dunder.o)
    0x0800118c   0x0800118c   0x0000000e   Code   RO          226    i.__mathlib_dbl_overflow  m_ws.l(dunder.o)
    0x0800119a   0x0800119a   0x00000002   PAD
    0x0800119c   0x0800119c   0x00000010   Code   RO          228    i.__mathlib_dbl_underflow  m_ws.l(dunder.o)
    0x080011ac   0x080011ac   0x00000284   Code   RO          237    i.exp               m_ws.l(exp.o)
    0x08001430   0x08001430   0x00000120   Code   RO          182    i.exp2              m_ws.l(exp2.o)
    0x08001550   0x08001550   0x00000074   Code   RO          186    i.ldexp             m_ws.l(ldexp.o)
    0x080015c4   0x080015c4   0x00000094   Code   RO          244    i.modf              m_ws.l(modf.o)
    0x08001658   0x08001658   0x0000004c   Code   RO          191    i.sqrt              m_ws.l(sqrt.o)
    0x080016a4   0x080016a4   0x00000062   Code   RO          148    x$fpl$d2f           fz_ws.l(d2f.o)
    0x08001706   0x08001706   0x00000002   PAD
    0x08001708   0x08001708   0x00000150   Code   RO          150    x$fpl$dadd          fz_ws.l(daddsub_clz.o)
    0x08001858   0x08001858   0x00000010   Code   RO          267    x$fpl$dcheck1       fz_ws.l(dcheck1.o)
    0x08001868   0x08001868   0x00000018   Code   RO          269    x$fpl$dcmpinf       fz_ws.l(dcmpi.o)
    0x08001880   0x08001880   0x000002b4   Code   RO          157    x$fpl$ddiv          fz_ws.l(ddiv.o)
    0x08001b34   0x08001b34   0x00000078   Code   RO          199    x$fpl$deqf          fz_ws.l(deqf.o)
    0x08001bac   0x08001bac   0x0000005e   Code   RO          201    x$fpl$dfix          fz_ws.l(dfix.o)
    0x08001c0a   0x08001c0a   0x0000002e   Code   RO          272    x$fpl$dflt          fz_ws.l(dflt_clz.o)
    0x08001c38   0x08001c38   0x00000078   Code   RO          205    x$fpl$dleqf         fz_ws.l(dleqf.o)
    0x08001cb0   0x08001cb0   0x00000154   Code   RO          160    x$fpl$dmul          fz_ws.l(dmul.o)
    0x08001e04   0x08001e04   0x0000009c   Code   RO          207    x$fpl$dnaninf       fz_ws.l(dnaninf.o)
    0x08001ea0   0x08001ea0   0x0000000c   Code   RO          209    x$fpl$dretinf       fz_ws.l(dretinf.o)
    0x08001eac   0x08001eac   0x0000006c   Code   RO          211    x$fpl$drleqf        fz_ws.l(drleqf.o)
    0x08001f18   0x08001f18   0x00000016   Code   RO          151    x$fpl$drsb          fz_ws.l(daddsub_clz.o)
    0x08001f2e   0x08001f2e   0x00000002   PAD
    0x08001f30   0x08001f30   0x000001cc   Code   RO          213    x$fpl$dsqrt         fz_ws.l(dsqrt_noumaal.o)
    0x080020fc   0x080020fc   0x000001dc   Code   RO          152    x$fpl$dsub          fz_ws.l(daddsub_clz.o)
    0x080022d8   0x080022d8   0x00000056   Code   RO          162    x$fpl$f2d           fz_ws.l(f2d.o)
    0x0800232e   0x0800232e   0x00000002   PAD
    0x08002330   0x08002330   0x000000c4   Code   RO          164    x$fpl$fadd          fz_ws.l(faddsub_clz.o)
    0x080023f4   0x080023f4   0x00000184   Code   RO          171    x$fpl$fdiv          fz_ws.l(fdiv.o)
    0x08002578   0x08002578   0x00000030   Code   RO          175    x$fpl$fflt          fz_ws.l(fflt_clz.o)
    0x080025a8   0x080025a8   0x00000026   Code   RO          174    x$fpl$ffltu         fz_ws.l(fflt_clz.o)
    0x080025ce   0x080025ce   0x00000002   PAD
    0x080025d0   0x080025d0   0x00000102   Code   RO          180    x$fpl$fmul          fz_ws.l(fmul.o)
    0x080026d2   0x080026d2   0x0000008c   Code   RO          215    x$fpl$fnaninf       fz_ws.l(fnaninf.o)
    0x0800275e   0x0800275e   0x0000000a   Code   RO          217    x$fpl$fretinf       fz_ws.l(fretinf.o)
    0x08002768   0x08002768   0x000000ea   Code   RO          166    x$fpl$fsub          fz_ws.l(faddsub_clz.o)
    0x08002852   0x08002852   0x00000064   Code   RO          292    x$fpl$retnan        fz_ws.l(retnan.o)
    0x080028b6   0x080028b6   0x0000005c   Code   RO          219    x$fpl$scalbn        fz_ws.l(scalbn.o)
    0x08002912   0x08002912   0x00000030   Code   RO          341    x$fpl$trapveneer    fz_ws.l(trapv.o)
    0x08002942   0x08002942   0x00000000   Code   RO          221    x$fpl$usenofp       fz_ws.l(usenofp.o)
    0x08002942   0x08002942   0x00000006   PAD
    0x08002948   0x08002948   0x00000058   Data   RO          238    .constdata          m_ws.l(exp.o)
    0x080029a0   0x080029a0   0x00000010   Data   RO          427    Region$$Table       anon$$obj.o


    Execution Region ER_RW (Exec base: 0x20000000, Load base: 0x080029b0, Size: 0x00000000, Max: 0xffffffff, ABSOLUTE)

    **** No section assigned to this execution region ****


    Execution Region ER_ZI (Exec base: 0x20000000, Load base: 0x080029b0, Size: 0x00000c28, Max: 0xffffffff, ABSOLUTE)

    Exec Addr    Load Addr    Size         Type   Attr      Idx    E Section Name        Object

    0x20000000        -       0x00000060   Zero   RW          280    .bss                c_w.l(libspace.o)
    0x20000060        -       0x00000002   Zero   RW          103    .bss.MLX90621_I2CWrite.dataCheck  mlx90621.o
    0x20000062   0x080029b0   0x00000002   PAD
    0x20000064        -       0x00000004   Zero   RW            7    .bss.Ta             main.o
    0x20000068        -       0x00000100   Zero   RW            9    .bss.To             main.o
    0x20000168        -       0x00000100   Zero   RW           10    .bss.eeData         main.o
    0x20000268        -       0x00000084   Zero   RW           12    .bss.frame          main.o
    0x200002ec        -       0x00000338   Zero   RW           11    .bss.sensor         main.o
    0x20000624        -       0x00000004   Zero   RW            6    .bss.status         main.o
    0x20000628        -       0x00000200   Zero   RW          112    HEAP                startup_stm32f10x_md.o
    0x20000828        -       0x00000400   Zero   RW          111    STACK               startup_stm32f10x_md.o


==============================================================================

Image component sizes


      Code (inc. data)   RO Data    RW Data    ZI Data      Debug   Object Name

       100          0          0          0          0       2220   delay_f103.o
       548          0          0          0          0       2933   i2c_f103.o
       238          0          0          0       1476       2008   main.o
      2192          0          0          0          2      10038   mlx90621.o
        64         26        236          0       1536        840   startup_stm32f10x_md.o
       284          0          0          0          0       2828   system_stm32f10x.o

    ----------------------------------------------------------------------
      3444         26        252          0       3016      20867   Object Totals
         0          0         16          0          0          0   (incl. Generated)
        18          0          0          0          2          0   (incl. Padding)

    ----------------------------------------------------------------------

      Code (inc. data)   RO Data    RW Data    ZI Data      Debug   Library Member Name

         8          0          0          0          0         68   __main.o
         0          0          0          0          0          0   __rtentry.o
        12          0          0          0          0          0   __rtentry2.o
         6          0          0          0          0          0   __rtentry4.o
        52          8          0          0          0          0   __scatter.o
        28          0          0          0          0          0   __scatter_zi.o
        22          0          0          0          0        100   _rserrno.o
        18          0          0          0          0         80   exit.o
         6          0          0          0          0        152   heapauxi.o
         0          0          0          0          0          0   indicate_semi.o
         2          0          0          0          0          0   libinit.o
         2          0          0          0          0          0   libinit2.o
         2          0          0          0          0          0   libshutdown.o
         2          0          0          0          0          0   libshutdown2.o
         8          4          0          0         96         68   libspace.o
         8          4          0          0          0         68   rt_errno_addr_intlibspace.o
        78          0          0          0          0         80   rt_memclr_w.o
       138          0          0          0          0         68   rt_memcpy_v6.o
       100          0          0          0          0         80   rt_memcpy_w.o
         2          0          0          0          0          0   rtexit.o
        10          0          0          0          0          0   rtexit2.o
        12          4          0          0          0         68   sys_exit.o
        74          0          0          0          0         80   sys_stackheap_outer.o
         2          0          0          0          0         68   use_no_semi.o
        98          4          0          0          0         92   d2f.o
       834         16          0          0          0        372   daddsub_clz.o
        16          4          0          0          0         68   dcheck1.o
        24          0          0          0          0         68   dcmpi.o
       692        140          0          0          0        216   ddiv.o
       120          4          0          0          0         92   deqf.o
        94          4          0          0          0         92   dfix.o
        46          0          0          0          0         68   dflt_clz.o
       120          4          0          0          0         92   dleqf.o
       340         12          0          0          0        104   dmul.o
       156          4          0          0          0         92   dnaninf.o
        12          0          0          0          0         68   dretinf.o
       108          0          0          0          0         80   drleqf.o
       460         56          0          0          0        120   dsqrt_noumaal.o
        86          4          0          0          0         84   f2d.o
       430          8          0          0          0        168   faddsub_clz.o
       388         76          0          0          0         96   fdiv.o
        86          0          0          0          0        136   fflt_clz.o
       258          4          0          0          0         84   fmul.o
       140          4          0          0          0         84   fnaninf.o
        10          0          0          0          0         68   fretinf.o
       100          0          0          0          0         68   retnan.o
        92          0          0          0          0         68   scalbn.o
        48          0          0          0          0         68   trapv.o
         0          0          0          0          0          0   usenofp.o
        36          6          0          0          0        204   dunder.o
       644         90         88          0          0        204   exp.o
       288         28          0          0          0        112   exp2.o
        40          0          0          0          0         68   fpclassify.o
       116          0          0          0          0         84   ldexp.o
       148          6          0          0          0        116   modf.o
       170          0          0          0          0         96   poly.o
        76          0          0          0          0         84   sqrt.o

    ----------------------------------------------------------------------
      6888        494         88          0         96       4496   Library Totals
        20          0          0          0          0          0   (incl. Padding)

    ----------------------------------------------------------------------

      Code (inc. data)   RO Data    RW Data    ZI Data      Debug   Library Name

       592         20          0          0         96        980   c_w.l
      4758        344          0          0          0       2548   fz_ws.l
      1518        130         88          0          0        968   m_ws.l

    ----------------------------------------------------------------------
      6888        494         88          0         96       4496   Library Totals

    ----------------------------------------------------------------------

==============================================================================


      Code (inc. data)   RO Data    RW Data    ZI Data      Debug   

     10332        520        340          0       3112      22887   Grand Totals
     10332        520        340          0       3112      22887   ELF Image Totals
     10332        520        340          0          0          0   ROM Totals

==============================================================================

    Total RO  Size (Code + RO Data)                10672 (  10.42kB)
    Total RW  Size (RW Data + ZI Data)              3112 (   3.04kB)
    Total ROM Size (Code + RO Data + RW Data)      10672 (  10.42kB)

==============================================================================

